=== flashprobe start 2026-08-15T19:58:28.7041446+02:00 (no filter) ===
host hwnd=0xB0F70 SHELLHOOK message id=49193 (0xC029)
RegisterShellHookWindow OK — listening. Ctrl+C to stop.
cols: time | wParam(raw) | name | hwnd | visible | process | title
19:58:29.612 | 0x0006 | HSHELL_REDRAW                | 0x00060C58 | vis=Y | WindowsTerminal    | "\u25D0 verify-win32-assumptions"
19:58:30.569 | 0x0006 | HSHELL_REDRAW                | 0x00060C58 | vis=Y | WindowsTerminal    | "\u25D1 verify-win32-assumptions"
19:58:30.970 | 0x0005 | HSHELL_GETMINRECT            | 0x8515B7DC80 | vis=n | Idle               | ""
19:58:30.977 | 0x0005 | HSHELL_GETMINRECT            | 0x8515B7DC80 | vis=n | Idle               | ""
19:58:31.531 | 0x0006 | HSHELL_REDRAW                | 0x00060C58 | vis=Y | WindowsTerminal    | "\u25D0 verify-win32-assumptions"
19:58:32.491 | 0x0006 | HSHELL_REDRAW                | 0x00060C58 | vis=Y | WindowsTerminal    | "\u25D1 verify-win32-assumptions"
19:58:33.451 | 0x0006 | HSHELL_REDRAW                | 0x00060C58 | vis=Y | WindowsTerminal    | "\u25D0 verify-win32-assumptions"
19:58:34.412 | 0x0006 | HSHELL_REDRAW                | 0x00060C58 | vis=Y | WindowsTerminal    | "\u25D1 verify-win32-assumptions"
19:58:35.373 | 0x0006 | HSHELL_REDRAW                | 0x00060C58 | vis=Y | WindowsTerminal    | "\u25D0 verify-win32-assumptions"
19:58:36.334 | 0x0006 | HSHELL_REDRAW                | 0x00060C58 | vis=Y | WindowsTerminal    | "\u25D1 verify-win32-assumptions"
19:58:37.295 | 0x0006 | HSHELL_REDRAW                | 0x00060C58 | vis=Y | WindowsTerminal    | "\u25D0 verify-win32-assumptions"
19:58:38.257 | 0x0006 | HSHELL_REDRAW                | 0x00060C58 | vis=Y | WindowsTerminal    | "\u25D1 verify-win32-assumptions"
19:58:39.218 | 0x0006 | HSHELL_REDRAW                | 0x00060C58 | vis=Y | WindowsTerminal    | "\u25D0 verify-win32-assumptions"
19:58:40.179 | 0x0006 | HSHELL_REDRAW                | 0x00060C58 | vis=Y | WindowsTerminal    | "\u25D1 verify-win32-assumptions"
19:58:41.140 | 0x0006 | HSHELL_REDRAW                | 0x00060C58 | vis=Y | WindowsTerminal    | "\u25D0 verify-win32-assumptions"
19:58:42.101 | 0x0006 | HSHELL_REDRAW                | 0x00060C58 | vis=Y | WindowsTerminal    | "\u25D1 verify-win32-assumptions"
19:58:43.062 | 0x0006 | HSHELL_REDRAW                | 0x00060C58 | vis=Y | WindowsTerminal    | "\u25D0 verify-win32-assumptions"
19:58:44.023 | 0x0006 | HSHELL_REDRAW                | 0x00060C58 | vis=Y | WindowsTerminal    | "\u25D1 verify-win32-assumptions"
19:58:44.985 | 0x0006 | HSHELL_REDRAW                | 0x00060C58 | vis=Y | WindowsTerminal    | "\u25D0 verify-win32-assumptions"
19:58:45.945 | 0x0006 | HSHELL_REDRAW                | 0x00060C58 | vis=Y | WindowsTerminal    | "\u25D1 verify-win32-assumptions"
19:58:46.906 | 0x0006 | HSHELL_REDRAW                | 0x00060C58 | vis=Y | WindowsTerminal    | "\u25D0 verify-win32-assumptions"
19:58:47.868 | 0x0006 | HSHELL_REDRAW                | 0x00060C58 | vis=Y | WindowsTerminal    | "\u25D1 verify-win32-assumptions"
19:58:48.833 | 0x0006 | HSHELL_REDRAW                | 0x00060C58 | vis=Y | WindowsTerminal    | "\u25D0 verify-win32-assumptions"
19:58:49.791 | 0x0006 | HSHELL_REDRAW                | 0x00060C58 | vis=Y | WindowsTerminal    | "\u25D1 verify-win32-assumptions"
19:58:50.587 | 0x0006 | HSHELL_REDRAW                | 0x00060C58 | vis=Y | WindowsTerminal    | "\u2733 verify-win32-assumptions"
20:00:43.522 | 0x0006 | HSHELL_REDRAW                | 0x00060C58 | vis=Y | WindowsTerminal    | "\u25D1 verify-win32-assumptions"
20:00:44.482 | 0x0006 | HSHELL_REDRAW                | 0x00060C58 | vis=Y | WindowsTerminal    | "\u25D0 verify-win32-assumptions"
20:00:45.443 | 0x0006 | HSHELL_REDRAW                | 0x00060C58 | vis=Y | WindowsTerminal    | "\u25D1 verify-win32-assumptions"
20:00:46.404 | 0x0006 | HSHELL_REDRAW                | 0x00060C58 | vis=Y | WindowsTerminal    | "\u25D0 verify-win32-assumptions"
20:00:47.365 | 0x0006 | HSHELL_REDRAW                | 0x00060C58 | vis=Y | WindowsTerminal    | "\u25D1 verify-win32-assumptions"
20:00:48.326 | 0x0006 | HSHELL_REDRAW                | 0x00060C58 | vis=Y | WindowsTerminal    | "\u25D0 verify-win32-assumptions"
20:00:49.286 | 0x0006 | HSHELL_REDRAW                | 0x00060C58 | vis=Y | WindowsTerminal    | "\u25D1 verify-win32-assumptions"
20:00:50.247 | 0x0006 | HSHELL_REDRAW                | 0x00060C58 | vis=Y | WindowsTerminal    | "\u25D0 verify-win32-assumptions"
20:00:51.389 | 0x0006 | HSHELL_REDRAW                | 0x00060C58 | vis=Y | WindowsTerminal    | "\u25D1 verify-win32-assumptions"
20:00:52.169 | 0x0006 | HSHELL_REDRAW                | 0x00060C58 | vis=Y | WindowsTerminal    | "\u25D0 verify-win32-assumptions"
20:00:53.130 | 0x0006 | HSHELL_REDRAW                | 0x00060C58 | vis=Y | WindowsTerminal    | "\u25D1 verify-win32-assumptions"
20:00:54.091 | 0x0006 | HSHELL_REDRAW                | 0x00060C58 | vis=Y | WindowsTerminal    | "\u25D0 verify-win32-assumptions"
20:00:55.051 | 0x0006 | HSHELL_REDRAW                | 0x00060C58 | vis=Y | WindowsTerminal    | "\u25D1 verify-win32-assumptions"
20:00:56.011 | 0x0006 | HSHELL_REDRAW                | 0x00060C58 | vis=Y | WindowsTerminal    | "\u25D0 verify-win32-assumptions"
20:00:56.972 | 0x0006 | HSHELL_REDRAW                | 0x00060C58 | vis=Y | WindowsTerminal    | "\u25D1 verify-win32-assumptions"
20:00:57.932 | 0x0006 | HSHELL_REDRAW                | 0x00060C58 | vis=Y | WindowsTerminal    | "\u25D0 verify-win32-assumptions"
20:00:58.893 | 0x0006 | HSHELL_REDRAW                | 0x00060C58 | vis=Y | WindowsTerminal    | "\u25D1 verify-win32-assumptions"
20:00:59.854 | 0x0006 | HSHELL_REDRAW                | 0x00060C58 | vis=Y | WindowsTerminal    | "\u25D0 verify-win32-assumptions"
20:01:00.815 | 0x0006 | HSHELL_REDRAW                | 0x00060C58 | vis=Y | WindowsTerminal    | "\u25D1 verify-win32-assumptions"
20:01:01.777 | 0x0006 | HSHELL_REDRAW                | 0x00060C58 | vis=Y | WindowsTerminal    | "\u25D0 verify-win32-assumptions"
20:01:02.738 | 0x0006 | HSHELL_REDRAW                | 0x00060C58 | vis=Y | WindowsTerminal    | "\u25D1 verify-win32-assumptions"
20:01:03.699 | 0x0006 | HSHELL_REDRAW                | 0x00060C58 | vis=Y | WindowsTerminal    | "\u25D0 verify-win32-assumptions"
20:01:04.659 | 0x0006 | HSHELL_REDRAW                | 0x00060C58 | vis=Y | WindowsTerminal    | "\u25D1 verify-win32-assumptions"
20:01:05.621 | 0x0006 | HSHELL_REDRAW                | 0x00060C58 | vis=Y | WindowsTerminal    | "\u25D0 verify-win32-assumptions"
20:01:06.582 | 0x0006 | HSHELL_REDRAW                | 0x00060C58 | vis=Y | WindowsTerminal    | "\u25D1 verify-win32-assumptions"
20:01:07.542 | 0x0006 | HSHELL_REDRAW                | 0x00060C58 | vis=Y | WindowsTerminal    | "\u25D0 verify-win32-assumptions"
20:01:08.502 | 0x0006 | HSHELL_REDRAW                | 0x00060C58 | vis=Y | WindowsTerminal    | "\u25D1 verify-win32-assumptions"
20:01:09.463 | 0x0006 | HSHELL_REDRAW                | 0x00060C58 | vis=Y | WindowsTerminal    | "\u25D0 verify-win32-assumptions"
20:01:10.424 | 0x0006 | HSHELL_REDRAW                | 0x00060C58 | vis=Y | WindowsTerminal    | "\u25D1 verify-win32-assumptions"
20:01:11.385 | 0x0006 | HSHELL_REDRAW                | 0x00060C58 | vis=Y | WindowsTerminal    | "\u25D0 verify-win32-assumptions"
20:01:12.347 | 0x0006 | HSHELL_REDRAW                | 0x00060C58 | vis=Y | WindowsTerminal    | "\u25D1 verify-win32-assumptions"
20:01:13.308 | 0x0006 | HSHELL_REDRAW                | 0x00060C58 | vis=Y | WindowsTerminal    | "\u25D0 verify-win32-assumptions"
20:01:14.269 | 0x0006 | HSHELL_REDRAW                | 0x00060C58 | vis=Y | WindowsTerminal    | "\u25D1 verify-win32-assumptions"
20:01:15.231 | 0x0006 | HSHELL_REDRAW                | 0x00060C58 | vis=Y | WindowsTerminal    | "\u25D0 verify-win32-assumptions"
20:01:16.192 | 0x0006 | HSHELL_REDRAW                | 0x00060C58 | vis=Y | WindowsTerminal    | "\u25D1 verify-win32-assumptions"
20:01:17.153 | 0x0006 | HSHELL_REDRAW                | 0x00060C58 | vis=Y | WindowsTerminal    | "\u25D0 verify-win32-assumptions"
20:01:18.114 | 0x0006 | HSHELL_REDRAW                | 0x00060C58 | vis=Y | WindowsTerminal    | "\u25D1 verify-win32-assumptions"
20:01:19.075 | 0x0006 | HSHELL_REDRAW                | 0x00060C58 | vis=Y | WindowsTerminal    | "\u25D0 verify-win32-assumptions"
20:01:20.035 | 0x0006 | HSHELL_REDRAW                | 0x00060C58 | vis=Y | WindowsTerminal    | "\u25D1 verify-win32-assumptions"
20:01:20.995 | 0x0006 | HSHELL_REDRAW                | 0x00060C58 | vis=Y | WindowsTerminal    | "\u25D0 verify-win32-assumptions"
20:01:21.956 | 0x0006 | HSHELL_REDRAW                | 0x00060C58 | vis=Y | WindowsTerminal    | "\u25D1 verify-win32-assumptions"
20:01:22.917 | 0x0006 | HSHELL_REDRAW                | 0x00060C58 | vis=Y | WindowsTerminal    | "\u25D0 verify-win32-assumptions"
20:01:23.879 | 0x0006 | HSHELL_REDRAW                | 0x00060C58 | vis=Y | WindowsTerminal    | "\u25D1 verify-win32-assumptions"
20:01:23.979 | 0x0004 | HSHELL_WINDOWACTIVATED       | 0x0C411144 | vis=Y | ms-teams           | "anton suchov | Microsoft Teams"
20:01:23.994 | 0x0004 | HSHELL_WINDOWACTIVATED       | 0x001111C2 | vis=Y | ms-teams           | "Chat | anton suchov | Microsoft Teams"
20:01:24.007 | 0x0005 | HSHELL_GETMINRECT            | 0x8515B7DC80 | vis=n | Idle               | ""
20:01:24.012 | 0x0005 | HSHELL_GETMINRECT            | 0x8515B7DC80 | vis=n | Idle               | ""
20:01:30.930 | 0x0006 | HSHELL_REDRAW                | 0x00060C58 | vis=Y | WindowsTerminal    | "\u2733 verify-win32-assumptions"
20:02:42.966 | 0x0004 | HSHELL_WINDOWACTIVATED       | 0x00060C58 | vis=Y | WindowsTerminal    | "\u2733 verify-win32-assumptions"
20:02:53.068 | 0x8006 | HSHELL_FLASH                 | 0x001111C2 | vis=Y | ms-teams           | "Chat | anton suchov | Microsoft Teams"
20:02:53.599 | 0x0006 | HSHELL_REDRAW                | 0x001111C2 | vis=Y | ms-teams           | "Chat | anton suchov | Microsoft Teams"
20:02:54.133 | 0x8006 | HSHELL_FLASH                 | 0x001111C2 | vis=Y | ms-teams           | "Chat | anton suchov | Microsoft Teams"
20:02:54.666 | 0x0006 | HSHELL_REDRAW                | 0x001111C2 | vis=Y | ms-teams           | "Chat | anton suchov | Microsoft Teams"
20:02:55.198 | 0x8006 | HSHELL_FLASH                 | 0x001111C2 | vis=Y | ms-teams           | "Chat | anton suchov | Microsoft Teams"
20:02:59.436 | 0x0006 | HSHELL_REDRAW                | 0x00060C58 | vis=Y | WindowsTerminal    | "\u25D1 verify-win32-assumptions"
20:03:00.396 | 0x0006 | HSHELL_REDRAW                | 0x00060C58 | vis=Y | WindowsTerminal    | "\u25D0 verify-win32-assumptions"
20:03:01.174 | 0x0035 | HSHELL_UNKNOWN(53)           | 0x000509B4 | vis=Y | explorer           | ""
20:03:01.358 | 0x0006 | HSHELL_REDRAW                | 0x00060C58 | vis=Y | WindowsTerminal    | "\u25D1 verify-win32-assumptions"
20:03:02.319 | 0x0006 | HSHELL_REDRAW                | 0x00060C58 | vis=Y | WindowsTerminal    | "\u25D0 verify-win32-assumptions"
20:03:03.205 | 0x0036 | HSHELL_UNKNOWN(54)           | 0x000509B4 | vis=n | explorer           | ""
20:03:03.281 | 0x0006 | HSHELL_REDRAW                | 0x00060C58 | vis=Y | WindowsTerminal    | "\u25D1 verify-win32-assumptions"
20:03:04.241 | 0x0006 | HSHELL_REDRAW                | 0x00060C58 | vis=Y | WindowsTerminal    | "\u25D0 verify-win32-assumptions"
20:03:05.202 | 0x0006 | HSHELL_REDRAW                | 0x00060C58 | vis=Y | WindowsTerminal    | "\u25D1 verify-win32-assumptions"
20:03:06.163 | 0x0006 | HSHELL_REDRAW                | 0x00060C58 | vis=Y | WindowsTerminal    | "\u25D0 verify-win32-assumptions"
20:03:07.123 | 0x0006 | HSHELL_REDRAW                | 0x00060C58 | vis=Y | WindowsTerminal    | "\u25D1 verify-win32-assumptions"
20:03:08.083 | 0x0006 | HSHELL_REDRAW                | 0x00060C58 | vis=Y | WindowsTerminal    | "\u25D0 verify-win32-assumptions"
20:03:09.044 | 0x0006 | HSHELL_REDRAW                | 0x00060C58 | vis=Y | WindowsTerminal    | "\u25D1 verify-win32-assumptions"
20:03:10.005 | 0x0006 | HSHELL_REDRAW                | 0x00060C58 | vis=Y | WindowsTerminal    | "\u25D0 verify-win32-assumptions"
20:03:10.965 | 0x0006 | HSHELL_REDRAW                | 0x00060C58 | vis=Y | WindowsTerminal    | "\u25D1 verify-win32-assumptions"
20:03:11.926 | 0x0006 | HSHELL_REDRAW                | 0x00060C58 | vis=Y | WindowsTerminal    | "\u25D0 verify-win32-assumptions"
20:03:12.887 | 0x0006 | HSHELL_REDRAW                | 0x00060C58 | vis=Y | WindowsTerminal    | "\u25D1 verify-win32-assumptions"
20:03:13.848 | 0x0006 | HSHELL_REDRAW                | 0x00060C58 | vis=Y | WindowsTerminal    | "\u25D0 verify-win32-assumptions"
20:03:14.808 | 0x0006 | HSHELL_REDRAW                | 0x00060C58 | vis=Y | WindowsTerminal    | "\u25D1 verify-win32-assumptions"
20:03:15.771 | 0x0006 | HSHELL_REDRAW                | 0x00060C58 | vis=Y | WindowsTerminal    | "\u25D0 verify-win32-assumptions"
20:03:16.245 | 0x0004 | HSHELL_WINDOWACTIVATED       | 0x001907A6 | vis=Y | chrome             | "YouTube Music - Google Chrome"
20:03:16.626 | 0x0006 | HSHELL_REDRAW                | 0x001907A6 | vis=Y | chrome             | "HAD ENOUGH! (Instrumental) | YouTube Music - Google Chrome"
20:03:33.324 | 0x0006 | HSHELL_REDRAW                | 0x001907A6 | vis=Y | chrome             | "EXiT! (Instrumental) | YouTube Music - Google Chrome"
20:03:38.116 | 0x0006 | HSHELL_REDRAW                | 0x00060C58 | vis=Y | WindowsTerminal    | "\u2733 verify-win32-assumptions"
20:03:42.613 | 0x0006 | HSHELL_REDRAW                | 0x001907A6 | vis=Y | chrome             | "New Tab - Google Chrome"
20:03:43.593 | 0x0006 | HSHELL_REDRAW                | 0x001907A6 | vis=Y | chrome             | "Facebook - Google Chrome"
20:04:59.538 | 0x0035 | HSHELL_UNKNOWN(53)           | 0x000509B4 | vis=Y | explorer           | ""
20:04:59.766 | 0x0004 | HSHELL_WINDOWACTIVATED       | 0x00000000 | vis=n | Idle               | ""
20:04:59.766 | 0x0036 | HSHELL_UNKNOWN(54)           | 0x000509B4 | vis=n | explorer           | ""
20:04:59.923 | 0x0004 | HSHELL_WINDOWACTIVATED       | 0x0C411144 | vis=Y | ms-teams           | "anton suchov | Microsoft Teams"
20:05:00.553 | 0x0004 | HSHELL_WINDOWACTIVATED       | 0x00000000 | vis=n | Idle               | ""
20:05:00.675 | 0x0004 | HSHELL_WINDOWACTIVATED       | 0x001111C2 | vis=Y | ms-teams           | "Chat | anton suchov | Microsoft Teams"
20:05:03.850 | 0x0004 | HSHELL_WINDOWACTIVATED       | 0x00060C58 | vis=Y | WindowsTerminal    | "\u2733 verify-win32-assumptions"
20:05:04.743 | 0x0006 | HSHELL_REDRAW                | 0x00060C58 | vis=Y | WindowsTerminal    | "\u25D0 verify-win32-assumptions"
20:05:05.703 | 0x0006 | HSHELL_REDRAW                | 0x00060C58 | vis=Y | WindowsTerminal    | "\u25D1 verify-win32-assumptions"
20:05:06.664 | 0x0006 | HSHELL_REDRAW                | 0x00060C58 | vis=Y | WindowsTerminal    | "\u25D0 verify-win32-assumptions"
20:05:07.624 | 0x0006 | HSHELL_REDRAW                | 0x00060C58 | vis=Y | WindowsTerminal    | "\u25D1 verify-win32-assumptions"
20:05:08.585 | 0x0006 | HSHELL_REDRAW                | 0x00060C58 | vis=Y | WindowsTerminal    | "\u25D0 verify-win32-assumptions"
20:05:09.545 | 0x0006 | HSHELL_REDRAW                | 0x00060C58 | vis=Y | WindowsTerminal    | "\u25D1 verify-win32-assumptions"
20:05:10.506 | 0x0006 | HSHELL_REDRAW                | 0x00060C58 | vis=Y | WindowsTerminal    | "\u25D0 verify-win32-assumptions"
20:05:11.468 | 0x0006 | HSHELL_REDRAW                | 0x00060C58 | vis=Y | WindowsTerminal    | "\u25D1 verify-win32-assumptions"
20:05:12.428 | 0x0006 | HSHELL_REDRAW                | 0x00060C58 | vis=Y | WindowsTerminal    | "\u25D0 verify-win32-assumptions"
20:05:12.844 | 0x0005 | HSHELL_GETMINRECT            | 0x8515B7DC80 | vis=n | Idle               | ""
20:05:12.851 | 0x0005 | HSHELL_GETMINRECT            | 0x8515B7DC80 | vis=n | Idle               | ""
20:05:13.389 | 0x0006 | HSHELL_REDRAW                | 0x00060C58 | vis=Y | WindowsTerminal    | "\u25D1 verify-win32-assumptions"
20:05:14.350 | 0x0006 | HSHELL_REDRAW                | 0x00060C58 | vis=Y | WindowsTerminal    | "\u25D0 verify-win32-assumptions"
20:05:15.311 | 0x0006 | HSHELL_REDRAW                | 0x00060C58 | vis=Y | WindowsTerminal    | "\u25D1 verify-win32-assumptions"
20:05:16.272 | 0x0006 | HSHELL_REDRAW                | 0x00060C58 | vis=Y | WindowsTerminal    | "\u25D0 verify-win32-assumptions"
20:05:17.233 | 0x0006 | HSHELL_REDRAW                | 0x00060C58 | vis=Y | WindowsTerminal    | "\u25D1 verify-win32-assumptions"
20:05:17.800 | 0x0006 | HSHELL_REDRAW                | 0x00060C58 | vis=Y | WindowsTerminal    | "\u2733 verify-win32-assumptions"
20:05:18.773 | 0x8006 | HSHELL_FLASH                 | 0x001111C2 | vis=Y | ms-teams           | "Chat | anton suchov | Microsoft Teams"
20:05:19.308 | 0x0006 | HSHELL_REDRAW                | 0x001111C2 | vis=Y | ms-teams           | "Chat | anton suchov | Microsoft Teams"
20:05:19.832 | 0x8006 | HSHELL_FLASH                 | 0x001111C2 | vis=Y | ms-teams           | "Chat | anton suchov | Microsoft Teams"
20:05:20.366 | 0x0006 | HSHELL_REDRAW                | 0x001111C2 | vis=Y | ms-teams           | "Chat | anton suchov | Microsoft Teams"
20:05:20.902 | 0x8006 | HSHELL_FLASH                 | 0x001111C2 | vis=Y | ms-teams           | "Chat | anton suchov | Microsoft Teams"
20:05:26.733 | 0x0006 | HSHELL_REDRAW                | 0x00060C58 | vis=Y | WindowsTerminal    | "\u25D1 verify-win32-assumptions"
20:05:27.694 | 0x0006 | HSHELL_REDRAW                | 0x00060C58 | vis=Y | WindowsTerminal    | "\u25D0 verify-win32-assumptions"
20:05:28.655 | 0x0006 | HSHELL_REDRAW                | 0x00060C58 | vis=Y | WindowsTerminal    | "\u25D1 verify-win32-assumptions"
20:05:29.616 | 0x0006 | HSHELL_REDRAW                | 0x00060C58 | vis=Y | WindowsTerminal    | "\u25D0 verify-win32-assumptions"
20:05:30.577 | 0x0006 | HSHELL_REDRAW                | 0x00060C58 | vis=Y | WindowsTerminal    | "\u25D1 verify-win32-assumptions"
20:05:31.539 | 0x0006 | HSHELL_REDRAW                | 0x00060C58 | vis=Y | WindowsTerminal    | "\u25D0 verify-win32-assumptions"
20:05:32.500 | 0x0006 | HSHELL_REDRAW                | 0x00060C58 | vis=Y | WindowsTerminal    | "\u25D1 verify-win32-assumptions"
20:05:33.460 | 0x0006 | HSHELL_REDRAW                | 0x00060C58 | vis=Y | WindowsTerminal    | "\u25D0 verify-win32-assumptions"
20:05:34.421 | 0x0006 | HSHELL_REDRAW                | 0x00060C58 | vis=Y | WindowsTerminal    | "\u25D1 verify-win32-assumptions"
20:05:35.382 | 0x0006 | HSHELL_REDRAW                | 0x00060C58 | vis=Y | WindowsTerminal    | "\u25D0 verify-win32-assumptions"
20:05:36.344 | 0x0006 | HSHELL_REDRAW                | 0x00060C58 | vis=Y | WindowsTerminal    | "\u25D1 verify-win32-assumptions"
20:05:37.304 | 0x0006 | HSHELL_REDRAW                | 0x00060C58 | vis=Y | WindowsTerminal    | "\u25D0 verify-win32-assumptions"
20:05:38.265 | 0x0006 | HSHELL_REDRAW                | 0x00060C58 | vis=Y | WindowsTerminal    | "\u25D1 verify-win32-assumptions"
20:05:39.227 | 0x0006 | HSHELL_REDRAW                | 0x00060C58 | vis=Y | WindowsTerminal    | "\u25D0 verify-win32-assumptions"
20:05:40.187 | 0x0006 | HSHELL_REDRAW                | 0x00060C58 | vis=Y | WindowsTerminal    | "\u25D1 verify-win32-assumptions"
20:05:41.147 | 0x0006 | HSHELL_REDRAW                | 0x00060C58 | vis=Y | WindowsTerminal    | "\u25D0 verify-win32-assumptions"
20:05:41.181 | 0x0004 | HSHELL_WINDOWACTIVATED       | 0x001907A6 | vis=Y | chrome             | "Facebook - Google Chrome"
20:05:50.896 | 0x0006 | HSHELL_REDRAW                | 0x00060C58 | vis=Y | WindowsTerminal    | "\u2733 verify-win32-assumptions"
20:05:54.025 | 0x0006 | HSHELL_REDRAW                | 0x001907A6 | vis=Y | chrome             | "New Tab - Google Chrome"
20:05:58.939 | 0x0006 | HSHELL_REDRAW                | 0x001907A6 | vis=Y | chrome             | "\u043D\u0430 \u0437\u0430\u043F\u0430\u0434\u043D\u043E\u043C \u0444\u0440\u043E\u043D\u0442\u0435 \u0442\u0433 - Google Search - Google Chrome"
20:06:01.158 | 0x0006 | HSHELL_REDRAW                | 0x001907A6 | vis=Y | chrome             | "\u041D\u0430 Zzzzz\u0430\u043F\u0430\u0434\u043D\u043E\u043C \u0444\u0440\u043E\u043D\u0442\u0435 \u0431\u0435\u0437 \u043F\u0435\u0440\u0435\u043C\u0435\u043D \u2013 Telegram - Google Chrome"
20:06:03.004 | 0x0006 | HSHELL_REDRAW                | 0x001907A6 | vis=Y | chrome             | "Telegram Desktop - Google Chrome"
20:06:05.460 | 0x0006 | HSHELL_REDRAW                | 0x001907A6 | vis=Y | chrome             | "\u041D\u0430 Zzzzz\u0430\u043F\u0430\u0434\u043D\u043E\u043C \u0444\u0440\u043E\u043D\u0442\u0435 \u0431\u0435\u0437 \u043F\u0435\u0440\u0435\u043C\u0435\u043D \u2013 Telegram - Google Chrome"
20:06:07.442 | 0x0006 | HSHELL_REDRAW                | 0x001907A6 | vis=Y | chrome             | "Telegram: View @ve4niyvoy - Google Chrome"
20:06:08.522 | 0x0010 | HSHELL_MONITORCHANGED        | 0x0004134E | vis=n | Telegram           | "TelegramDesktop"
20:06:08.526 | 0x0006 | HSHELL_REDRAW                | 0x0004134E | vis=n | Telegram           | "TelegramDesktop"
20:06:08.764 | 0x0010 | HSHELL_MONITORCHANGED        | 0x00061334 | vis=n | Telegram           | "TelegramDesktop"
20:06:08.765 | 0x0006 | HSHELL_REDRAW                | 0x00061334 | vis=n | Telegram           | "TelegramDesktop"
20:06:08.774 | 0x0010 | HSHELL_MONITORCHANGED        | 0x1A470FD6 | vis=n | Telegram           | "TelegramDesktop"
20:06:08.775 | 0x0006 | HSHELL_REDRAW                | 0x1A470FD6 | vis=n | Telegram           | "TelegramDesktop"
20:06:08.780 | 0x0006 | HSHELL_REDRAW                | 0x1A470FD6 | vis=n | Telegram           | "Telegram"
20:06:08.783 | 0x0006 | HSHELL_REDRAW                | 0x1A470FD6 | vis=n | Telegram           | "Telegram"
20:06:08.816 | 0x0006 | HSHELL_REDRAW                | 0x1A470FD6 | vis=n | Telegram           | "Telegram"
20:06:08.835 | 0x0001 | HSHELL_WINDOWCREATED         | 0x1A470FD6 | vis=Y | Telegram           | "Telegram"
20:06:08.872 | 0x0004 | HSHELL_WINDOWACTIVATED       | 0x1A470FD6 | vis=Y | Telegram           | "Telegram"
20:06:08.875 | 0x0006 | HSHELL_REDRAW                | 0x0004134E | vis=n | Telegram           | "TelegramDesktop"
20:06:08.875 | 0x0006 | HSHELL_REDRAW                | 0x1A470FD6 | vis=Y | Telegram           | "Telegram"
20:06:08.875 | 0x0006 | HSHELL_REDRAW                | 0x00061334 | vis=n | Telegram           | "TelegramDesktop"
20:06:08.883 | 0x0010 | HSHELL_MONITORCHANGED        | 0x00111264 | vis=n | Telegram           | "TelegramDesktop"
20:06:08.887 | 0x0006 | HSHELL_REDRAW                | 0x00111264 | vis=n | Telegram           | "TelegramDesktop"
20:06:08.888 | 0x0006 | HSHELL_REDRAW                | 0x00111264 | vis=n | Telegram           | "TelegramDesktop"
20:06:08.888 | 0x0006 | HSHELL_REDRAW                | 0x00111264 | vis=n | Telegram           | "TelegramDesktop"
20:06:08.948 | 0x0010 | HSHELL_MONITORCHANGED        | 0x04F40F62 | vis=n | Telegram           | "TelegramDesktop"
20:06:08.950 | 0x0006 | HSHELL_REDRAW                | 0x04F40F62 | vis=n | Telegram           | "TelegramDesktop"
20:06:08.961 | 0x0002 | HSHELL_WINDOWDESTROYED       | 0x00111264 | vis=n | Telegram           | "TelegramDesktop"
20:06:08.966 | 0x0002 | HSHELL_WINDOWDESTROYED       | 0x00111264 | vis=n | Idle               | ""
20:06:08.970 | 0x0002 | HSHELL_WINDOWDESTROYED       | 0x04F40F62 | vis=n | Idle               | ""
20:06:08.972 | 0x0002 | HSHELL_WINDOWDESTROYED       | 0x04F40F62 | vis=n | Idle               | ""
20:06:09.807 | 0x0006 | HSHELL_REDRAW                | 0x1A470FD6 | vis=Y | Telegram           | "\u200E\u041D\u0430 Zzzzz\u0430\u043F\u0430\u0434\u043D\u043E\u043C \u0444\u0440\u043E\u043D\u0442\u0435 \u0431\u0435\u0437 \u043F\u0435\u0440\u0435\u043C\u0435\u043D"
20:06:09.808 | 0x0006 | HSHELL_REDRAW                | 0x1A470FD6 | vis=Y | Telegram           | "\u200E\u041D\u0430 Zzzzz\u0430\u043F\u0430\u0434\u043D\u043E\u043C \u0444\u0440\u043E\u043D\u0442\u0435 \u0431\u0435\u0437 \u043F\u0435\u0440\u0435\u043C\u0435\u043D"
20:06:09.839 | 0x0006 | HSHELL_REDRAW                | 0x1A470FD6 | vis=Y | Telegram           | "\u200E\u041D\u0430 Zzzzz\u0430\u043F\u0430\u0434\u043D\u043E\u043C \u0444\u0440\u043E\u043D\u0442\u0435 \u0431\u0435\u0437 \u043F\u0435\u0440\u0435\u043C\u0435\u043D"
20:06:09.839 | 0x0006 | HSHELL_REDRAW                | 0x1A470FD6 | vis=Y | Telegram           | "\u200E\u041D\u0430 Zzzzz\u0430\u043F\u0430\u0434\u043D\u043E\u043C \u0444\u0440\u043E\u043D\u0442\u0435 \u0431\u0435\u0437 \u043F\u0435\u0440\u0435\u043C\u0435\u043D"
20:06:09.840 | 0x0006 | HSHELL_REDRAW                | 0x1A470FD6 | vis=Y | Telegram           | "\u200E\u041D\u0430 Zzzzz\u0430\u043F\u0430\u0434\u043D\u043E\u043C \u0444\u0440\u043E\u043D\u0442\u0435 \u0431\u0435\u0437 \u043F\u0435\u0440\u0435\u043C\u0435\u043D"
20:06:09.959 | 0x0006 | HSHELL_REDRAW                | 0x1A470FD6 | vis=Y | Telegram           | "\u200E\u041D\u0430 Zzzzz\u0430\u043F\u0430\u0434\u043D\u043E\u043C \u0444\u0440\u043E\u043D\u0442\u0435 \u0431\u0435\u0437 \u043F\u0435\u0440\u0435\u043C\u0435\u043D \u2013 (21)"
20:06:09.959 | 0x0006 | HSHELL_REDRAW                | 0x1A470FD6 | vis=Y | Telegram           | "\u200E\u041D\u0430 Zzzzz\u0430\u043F\u0430\u0434\u043D\u043E\u043C \u0444\u0440\u043E\u043D\u0442\u0435 \u0431\u0435\u0437 \u043F\u0435\u0440\u0435\u043C\u0435\u043D \u2013 (21)"
20:06:09.961 | 0x0006 | HSHELL_REDRAW                | 0x1A470FD6 | vis=Y | Telegram           | "\u200E\u041D\u0430 Zzzzz\u0430\u043F\u0430\u0434\u043D\u043E\u043C \u0444\u0440\u043E\u043D\u0442\u0435 \u0431\u0435\u0437 \u043F\u0435\u0440\u0435\u043C\u0435\u043D \u2013 (21)"
20:06:10.101 | 0x0006 | HSHELL_REDRAW                | 0x1A470FD6 | vis=Y | Telegram           | "\u200E\u041D\u0430 Zzzzz\u0430\u043F\u0430\u0434\u043D\u043E\u043C \u0444\u0440\u043E\u043D\u0442\u0435 \u0431\u0435\u0437 \u043F\u0435\u0440\u0435\u043C\u0435\u043D \u2013 (21)"
20:06:10.102 | 0x0006 | HSHELL_REDRAW                | 0x1A470FD6 | vis=Y | Telegram           | "\u200E\u041D\u0430 Zzzzz\u0430\u043F\u0430\u0434\u043D\u043E\u043C \u0444\u0440\u043E\u043D\u0442\u0435 \u0431\u0435\u0437 \u043F\u0435\u0440\u0435\u043C\u0435\u043D \u2013 (21)"
20:06:10.102 | 0x0006 | HSHELL_REDRAW                | 0x1A470FD6 | vis=Y | Telegram           | "\u200E\u041D\u0430 Zzzzz\u0430\u043F\u0430\u0434\u043D\u043E\u043C \u0444\u0440\u043E\u043D\u0442\u0435 \u0431\u0435\u0437 \u043F\u0435\u0440\u0435\u043C\u0435\u043D \u2013 (21)"
20:06:10.396 | 0x0006 | HSHELL_REDRAW                | 0x1A470FD6 | vis=Y | Telegram           | "\u200E\u041D\u0430 Zzzzz\u0430\u043F\u0430\u0434\u043D\u043E\u043C \u0444\u0440\u043E\u043D\u0442\u0435 \u0431\u0435\u0437 \u043F\u0435\u0440\u0435\u043C\u0435\u043D \u2013 (21)"
20:06:10.397 | 0x0006 | HSHELL_REDRAW                | 0x1A470FD6 | vis=Y | Telegram           | "\u200E\u041D\u0430 Zzzzz\u0430\u043F\u0430\u0434\u043D\u043E\u043C \u0444\u0440\u043E\u043D\u0442\u0435 \u0431\u0435\u0437 \u043F\u0435\u0440\u0435\u043C\u0435\u043D \u2013 (21)"
20:06:10.397 | 0x0006 | HSHELL_REDRAW                | 0x1A470FD6 | vis=Y | Telegram           | "\u200E\u041D\u0430 Zzzzz\u0430\u043F\u0430\u0434\u043D\u043E\u043C \u0444\u0440\u043E\u043D\u0442\u0435 \u0431\u0435\u0437 \u043F\u0435\u0440\u0435\u043C\u0435\u043D \u2013 (21)"
20:06:10.467 | 0x0006 | HSHELL_REDRAW                | 0x1A470FD6 | vis=Y | Telegram           | "\u200E\u041D\u0430 Zzzzz\u0430\u043F\u0430\u0434\u043D\u043E\u043C \u0444\u0440\u043E\u043D\u0442\u0435 \u0431\u0435\u0437 \u043F\u0435\u0440\u0435\u043C\u0435\u043D \u2013 (21)"
20:06:10.468 | 0x0006 | HSHELL_REDRAW                | 0x1A470FD6 | vis=Y | Telegram           | "\u200E\u041D\u0430 Zzzzz\u0430\u043F\u0430\u0434\u043D\u043E\u043C \u0444\u0440\u043E\u043D\u0442\u0435 \u0431\u0435\u0437 \u043F\u0435\u0440\u0435\u043C\u0435\u043D \u2013 (21)"
20:06:10.468 | 0x0006 | HSHELL_REDRAW                | 0x1A470FD6 | vis=Y | Telegram           | "\u200E\u041D\u0430 Zzzzz\u0430\u043F\u0430\u0434\u043D\u043E\u043C \u0444\u0440\u043E\u043D\u0442\u0435 \u0431\u0435\u0437 \u043F\u0435\u0440\u0435\u043C\u0435\u043D \u2013 (21)"
20:06:10.553 | 0x0006 | HSHELL_REDRAW                | 0x1A470FD6 | vis=Y | Telegram           | "\u200E\u041D\u0430 Zzzzz\u0430\u043F\u0430\u0434\u043D\u043E\u043C \u0444\u0440\u043E\u043D\u0442\u0435 \u0431\u0435\u0437 \u043F\u0435\u0440\u0435\u043C\u0435\u043D \u2013 (21)"
20:06:10.553 | 0x0006 | HSHELL_REDRAW                | 0x1A470FD6 | vis=Y | Telegram           | "\u200E\u041D\u0430 Zzzzz\u0430\u043F\u0430\u0434\u043D\u043E\u043C \u0444\u0440\u043E\u043D\u0442\u0435 \u0431\u0435\u0437 \u043F\u0435\u0440\u0435\u043C\u0435\u043D \u2013 (21)"
20:06:10.554 | 0x0006 | HSHELL_REDRAW                | 0x1A470FD6 | vis=Y | Telegram           | "\u200E\u041D\u0430 Zzzzz\u0430\u043F\u0430\u0434\u043D\u043E\u043C \u0444\u0440\u043E\u043D\u0442\u0435 \u0431\u0435\u0437 \u043F\u0435\u0440\u0435\u043C\u0435\u043D \u2013 (21)"
20:06:27.413 | 0x0006 | HSHELL_REDRAW                | 0x1A470FD6 | vis=Y | Telegram           | "(17) \u200E\u043D\u0438\u0448\u0435\u0432\u044B\u0439 \u0442\u0443\u0440\u0438\u0437\u043C \u0431\u0435\u0437 \u043D\u0430\u0434\u0440\u044B\u0432\u0430 \u2013 (21)"
20:06:27.414 | 0x0006 | HSHELL_REDRAW                | 0x1A470FD6 | vis=Y | Telegram           | "(17) \u200E\u043D\u0438\u0448\u0435\u0432\u044B\u0439 \u0442\u0443\u0440\u0438\u0437\u043C \u0431\u0435\u0437 \u043D\u0430\u0434\u0440\u044B\u0432\u0430 \u2013 (21)"
20:06:27.484 | 0x0006 | HSHELL_REDRAW                | 0x1A470FD6 | vis=Y | Telegram           | "(3) \u200E\u043D\u0438\u0448\u0435\u0432\u044B\u0439 \u0442\u0443\u0440\u0438\u0437\u043C \u0431\u0435\u0437 \u043D\u0430\u0434\u0440\u044B\u0432\u0430 \u2013 (7)"
20:06:27.484 | 0x0006 | HSHELL_REDRAW                | 0x1A470FD6 | vis=Y | Telegram           | "(3) \u200E\u043D\u0438\u0448\u0435\u0432\u044B\u0439 \u0442\u0443\u0440\u0438\u0437\u043C \u0431\u0435\u0437 \u043D\u0430\u0434\u0440\u044B\u0432\u0430 \u2013 (7)"
20:06:27.484 | 0x0006 | HSHELL_REDRAW                | 0x1A470FD6 | vis=Y | Telegram           | "(3) \u200E\u043D\u0438\u0448\u0435\u0432\u044B\u0439 \u0442\u0443\u0440\u0438\u0437\u043C \u0431\u0435\u0437 \u043D\u0430\u0434\u0440\u044B\u0432\u0430 \u2013 (7)"
20:06:37.431 | 0x0006 | HSHELL_REDRAW                | 0x1A470FD6 | vis=Y | Telegram           | "(2) \u200E\u043D\u0438\u0448\u0435\u0432\u044B\u0439 \u0442\u0443\u0440\u0438\u0437\u043C \u0431\u0435\u0437 \u043D\u0430\u0434\u0440\u044B\u0432\u0430 \u2013 (6)"
20:06:37.433 | 0x0006 | HSHELL_REDRAW                | 0x1A470FD6 | vis=Y | Telegram           | "(2) \u200E\u043D\u0438\u0448\u0435\u0432\u044B\u0439 \u0442\u0443\u0440\u0438\u0437\u043C \u0431\u0435\u0437 \u043D\u0430\u0434\u0440\u044B\u0432\u0430 \u2013 (6)"
20:06:37.433 | 0x0006 | HSHELL_REDRAW                | 0x1A470FD6 | vis=Y | Telegram           | "(2) \u200E\u043D\u0438\u0448\u0435\u0432\u044B\u0439 \u0442\u0443\u0440\u0438\u0437\u043C \u0431\u0435\u0437 \u043D\u0430\u0434\u0440\u044B\u0432\u0430 \u2013 (6)"
20:06:39.054 | 0x0006 | HSHELL_REDRAW                | 0x1A470FD6 | vis=Y | Telegram           | "(1) \u200E\u043D\u0438\u0448\u0435\u0432\u044B\u0439 \u0442\u0443\u0440\u0438\u0437\u043C \u0431\u0435\u0437 \u043D\u0430\u0434\u0440\u044B\u0432\u0430 \u2013 (5)"
20:06:39.056 | 0x0006 | HSHELL_REDRAW                | 0x1A470FD6 | vis=Y | Telegram           | "(1) \u200E\u043D\u0438\u0448\u0435\u0432\u044B\u0439 \u0442\u0443\u0440\u0438\u0437\u043C \u0431\u0435\u0437 \u043D\u0430\u0434\u0440\u044B\u0432\u0430 \u2013 (5)"
20:06:39.057 | 0x0006 | HSHELL_REDRAW                | 0x1A470FD6 | vis=Y | Telegram           | "(1) \u200E\u043D\u0438\u0448\u0435\u0432\u044B\u0439 \u0442\u0443\u0440\u0438\u0437\u043C \u0431\u0435\u0437 \u043D\u0430\u0434\u0440\u044B\u0432\u0430 \u2013 (5)"
20:06:39.110 | 0x0006 | HSHELL_REDRAW                | 0x1A470FD6 | vis=Y | Telegram           | "\u200E\u043D\u0438\u0448\u0435\u0432\u044B\u0439 \u0442\u0443\u0440\u0438\u0437\u043C \u0431\u0435\u0437 \u043D\u0430\u0434\u0440\u044B\u0432\u0430 \u2013 (4)"
20:06:39.111 | 0x0006 | HSHELL_REDRAW                | 0x1A470FD6 | vis=Y | Telegram           | "\u200E\u043D\u0438\u0448\u0435\u0432\u044B\u0439 \u0442\u0443\u0440\u0438\u0437\u043C \u0431\u0435\u0437 \u043D\u0430\u0434\u0440\u044B\u0432\u0430 \u2013 (4)"
20:06:39.111 | 0x0006 | HSHELL_REDRAW                | 0x1A470FD6 | vis=Y | Telegram           | "\u200E\u043D\u0438\u0448\u0435\u0432\u044B\u0439 \u0442\u0443\u0440\u0438\u0437\u043C \u0431\u0435\u0437 \u043D\u0430\u0434\u0440\u044B\u0432\u0430 \u2013 (4)"
20:06:52.266 | 0x0005 | HSHELL_GETMINRECT            | 0x8515B7DC80 | vis=n | Idle               | ""
20:06:52.273 | 0x0004 | HSHELL_WINDOWACTIVATED       | 0x001907A6 | vis=Y | chrome             | "Telegram: View @ve4niyvoy - Google Chrome"
20:06:53.268 | 0x0035 | HSHELL_UNKNOWN(53)           | 0x000509B4 | vis=Y | explorer           | ""
20:06:53.733 | 0x0036 | HSHELL_UNKNOWN(54)           | 0x000509B4 | vis=n | explorer           | ""
20:06:54.229 | 0x0004 | HSHELL_WINDOWACTIVATED       | 0x00060C58 | vis=Y | WindowsTerminal    | "\u2733 verify-win32-assumptions"
20:07:02.832 | 0x0004 | HSHELL_WINDOWACTIVATED       | 0x00000000 | vis=n | Idle               | ""
20:07:02.943 | 0x0004 | HSHELL_WINDOWACTIVATED       | 0x001111C2 | vis=Y | ms-teams           | "Chat | anton suchov | Microsoft Teams"
20:07:02.981 | 0x0005 | HSHELL_GETMINRECT            | 0x8515B7DC80 | vis=n | Idle               | ""
20:07:03.297 | 0x0004 | HSHELL_WINDOWACTIVATED       | 0x00000000 | vis=n | Idle               | ""
20:07:03.436 | 0x0004 | HSHELL_WINDOWACTIVATED       | 0x0C411144 | vis=Y | ms-teams           | "anton suchov | Microsoft Teams"
20:07:03.468 | 0x0005 | HSHELL_GETMINRECT            | 0x8515B7DC80 | vis=n | Idle               | ""
20:07:04.912 | 0x0004 | HSHELL_WINDOWACTIVATED       | 0x00060C58 | vis=Y | WindowsTerminal    | "\u2733 verify-win32-assumptions"
20:07:06.326 | 0x0006 | HSHELL_REDRAW                | 0x00060C58 | vis=Y | WindowsTerminal    | "\u25D0 verify-win32-assumptions"
20:07:07.287 | 0x0006 | HSHELL_REDRAW                | 0x00060C58 | vis=Y | WindowsTerminal    | "\u25D1 verify-win32-assumptions"
20:07:08.248 | 0x0006 | HSHELL_REDRAW                | 0x00060C58 | vis=Y | WindowsTerminal    | "\u25D0 verify-win32-assumptions"
20:07:09.209 | 0x0006 | HSHELL_REDRAW                | 0x00060C58 | vis=Y | WindowsTerminal    | "\u25D1 verify-win32-assumptions"
20:07:10.170 | 0x0006 | HSHELL_REDRAW                | 0x00060C58 | vis=Y | WindowsTerminal    | "\u25D0 verify-win32-assumptions"
20:07:11.132 | 0x0006 | HSHELL_REDRAW                | 0x00060C58 | vis=Y | WindowsTerminal    | "\u25D1 verify-win32-assumptions"
20:07:12.092 | 0x0006 | HSHELL_REDRAW                | 0x00060C58 | vis=Y | WindowsTerminal    | "\u25D0 verify-win32-assumptions"
20:07:13.054 | 0x0006 | HSHELL_REDRAW                | 0x00060C58 | vis=Y | WindowsTerminal    | "\u25D1 verify-win32-assumptions"
20:07:13.978 | 0x0004 | HSHELL_WINDOWACTIVATED       | 0x001907A6 | vis=Y | chrome             | "Telegram: View @ve4niyvoy - Google Chrome"
20:07:14.124 | 0x0006 | HSHELL_REDRAW                | 0x001907A6 | vis=Y | chrome             | "Facebook - Google Chrome"
20:07:16.267 | 0x0006 | HSHELL_REDRAW                | 0x001907A6 | vis=Y | chrome             | "SiLHOUETTE! (Instrumental) | YouTube Music - Google Chrome"
20:07:19.386 | 0x0010 | HSHELL_MONITORCHANGED        | 0x00121344 | vis=n | conhost            | "C:\\projects\\HydraWin\\spikes\\HideShow\\bin\\Debug\\net10.0-windows\\hideshow.exe"
20:07:19.387 | 0x0006 | HSHELL_REDRAW                | 0x00121344 | vis=n | conhost            | "C:\\projects\\HydraWin\\spikes\\HideShow\\bin\\Debug\\net10.0-windows\\hideshow.exe"
20:07:19.388 | 0x0006 | HSHELL_REDRAW                | 0x00121344 | vis=n | conhost            | "C:\\projects\\HydraWin\\spikes\\HideShow\\bin\\Debug\\net10.0-windows\\hideshow.exe"
20:07:19.481 | 0x0002 | HSHELL_WINDOWDESTROYED       | 0x0C411144 | vis=n | ms-teams           | "anton suchov | Microsoft Teams"
20:07:19.558 | 0x0004 | HSHELL_WINDOWACTIVATED       | 0x00000000 | vis=n | Idle               | ""
20:07:19.620 | 0x0004 | HSHELL_WINDOWACTIVATED       | 0x1A470FD6 | vis=Y | Telegram           | "\u200E\u043D\u0438\u0448\u0435\u0432\u044B\u0439 \u0442\u0443\u0440\u0438\u0437\u043C \u0431\u0435\u0437 \u043D\u0430\u0434\u0440\u044B\u0432\u0430 \u2013 (4)"
20:07:19.628 | 0x0005 | HSHELL_GETMINRECT            | 0x8515B7DC80 | vis=n | Idle               | ""
20:07:21.386 | 0x0010 | HSHELL_MONITORCHANGED        | 0x1A470FD6 | vis=Y | Telegram           | "\u200E\u043D\u0438\u0448\u0435\u0432\u044B\u0439 \u0442\u0443\u0440\u0438\u0437\u043C \u0431\u0435\u0437 \u043D\u0430\u0434\u0440\u044B\u0432\u0430 \u2013 (4)"
20:07:22.405 | 0x0010 | HSHELL_MONITORCHANGED        | 0x657E0F5E | vis=n | conhost            | "C:\\projects\\HydraWin\\spikes\\HideShow\\bin\\Debug\\net10.0-windows\\hideshow.exe"
20:07:22.407 | 0x0006 | HSHELL_REDRAW                | 0x657E0F5E | vis=n | conhost            | "C:\\projects\\HydraWin\\spikes\\HideShow\\bin\\Debug\\net10.0-windows\\hideshow.exe"
20:07:22.407 | 0x0006 | HSHELL_REDRAW                | 0x657E0F5E | vis=n | conhost            | "C:\\projects\\HydraWin\\spikes\\HideShow\\bin\\Debug\\net10.0-windows\\hideshow.exe"
20:07:22.500 | 0x0002 | HSHELL_WINDOWDESTROYED       | 0x001111C2 | vis=n | ms-teams           | "Chat | anton suchov | Microsoft Teams"
20:07:29.566 | 0x0006 | HSHELL_REDRAW                | 0x00060C58 | vis=Y | WindowsTerminal    | "\u2733 verify-win32-assumptions"
20:07:38.104 | 0x8006 | HSHELL_FLASH                 | 0x001111C2 | vis=n | ms-teams           | "Chat | anton suchov | Microsoft Teams"
20:07:38.635 | 0x0006 | HSHELL_REDRAW                | 0x001111C2 | vis=n | ms-teams           | "Chat | anton suchov | Microsoft Teams"
20:07:39.162 | 0x8006 | HSHELL_FLASH                 | 0x001111C2 | vis=n | ms-teams           | "Chat | anton suchov | Microsoft Teams"
20:07:39.448 | 0x0004 | HSHELL_WINDOWACTIVATED       | 0x00060C58 | vis=Y | WindowsTerminal    | "\u2733 verify-win32-assumptions"
20:07:39.692 | 0x0006 | HSHELL_REDRAW                | 0x001111C2 | vis=n | ms-teams           | "Chat | anton suchov | Microsoft Teams"
20:07:40.231 | 0x8006 | HSHELL_FLASH                 | 0x001111C2 | vis=n | ms-teams           | "Chat | anton suchov | Microsoft Teams"
20:07:40.795 | 0x0006 | HSHELL_REDRAW                | 0x00060C58 | vis=Y | WindowsTerminal    | "\u25D1 verify-win32-assumptions"
20:07:41.755 | 0x0006 | HSHELL_REDRAW                | 0x00060C58 | vis=Y | WindowsTerminal    | "\u25D0 verify-win32-assumptions"
20:07:42.716 | 0x0006 | HSHELL_REDRAW                | 0x00060C58 | vis=Y | WindowsTerminal    | "\u25D1 verify-win32-assumptions"
20:07:43.677 | 0x0006 | HSHELL_REDRAW                | 0x00060C58 | vis=Y | WindowsTerminal    | "\u25D0 verify-win32-assumptions"
20:07:44.638 | 0x0006 | HSHELL_REDRAW                | 0x00060C58 | vis=Y | WindowsTerminal    | "\u25D1 verify-win32-assumptions"
20:07:45.599 | 0x0006 | HSHELL_REDRAW                | 0x00060C58 | vis=Y | WindowsTerminal    | "\u25D0 verify-win32-assumptions"
20:07:46.560 | 0x0006 | HSHELL_REDRAW                | 0x00060C58 | vis=Y | WindowsTerminal    | "\u25D1 verify-win32-assumptions"
20:07:47.522 | 0x0006 | HSHELL_REDRAW                | 0x00060C58 | vis=Y | WindowsTerminal    | "\u25D0 verify-win32-assumptions"
20:07:48.484 | 0x0006 | HSHELL_REDRAW                | 0x00060C58 | vis=Y | WindowsTerminal    | "\u25D1 verify-win32-assumptions"
20:07:49.443 | 0x0006 | HSHELL_REDRAW                | 0x00060C58 | vis=Y | WindowsTerminal    | "\u25D0 verify-win32-assumptions"
20:07:50.405 | 0x0006 | HSHELL_REDRAW                | 0x00060C58 | vis=Y | WindowsTerminal    | "\u25D1 verify-win32-assumptions"
20:07:51.365 | 0x0006 | HSHELL_REDRAW                | 0x00060C58 | vis=Y | WindowsTerminal    | "\u25D0 verify-win32-assumptions"
20:07:52.326 | 0x0006 | HSHELL_REDRAW                | 0x00060C58 | vis=Y | WindowsTerminal    | "\u25D1 verify-win32-assumptions"
20:07:53.287 | 0x0006 | HSHELL_REDRAW                | 0x00060C58 | vis=Y | WindowsTerminal    | "\u25D0 verify-win32-assumptions"
20:07:54.247 | 0x0006 | HSHELL_REDRAW                | 0x00060C58 | vis=Y | WindowsTerminal    | "\u25D1 verify-win32-assumptions"
20:07:55.209 | 0x0006 | HSHELL_REDRAW                | 0x00060C58 | vis=Y | WindowsTerminal    | "\u25D0 verify-win32-assumptions"
20:07:55.559 | 0x0035 | HSHELL_UNKNOWN(53)           | 0x000509B4 | vis=Y | explorer           | ""
20:07:56.170 | 0x0006 | HSHELL_REDRAW                | 0x00060C58 | vis=Y | WindowsTerminal    | "\u25D1 verify-win32-assumptions"
20:07:56.321 | 0x0036 | HSHELL_UNKNOWN(54)           | 0x000509B4 | vis=n | explorer           | ""
20:07:56.789 | 0x0035 | HSHELL_UNKNOWN(53)           | 0x00430656 | vis=Y | explorer           | "Task View"
20:07:56.791 | 0x0035 | HSHELL_UNKNOWN(53)           | 0x00091384 | vis=Y | explorer           | "Task View"
20:07:56.796 | 0x0004 | HSHELL_WINDOWACTIVATED       | 0x00000000 | vis=n | Idle               | ""
20:08:02.752 | 0x0004 | HSHELL_WINDOWACTIVATED       | 0x00060C58 | vis=Y | WindowsTerminal    | "\u25D1 verify-win32-assumptions"
20:08:03.135 | 0x0036 | HSHELL_UNKNOWN(54)           | 0x00091384 | vis=n | explorer           | "Task View"
20:08:03.147 | 0x0036 | HSHELL_UNKNOWN(54)           | 0x00430656 | vis=n | explorer           | "Task View"
20:08:03.752 | 0x0006 | HSHELL_REDRAW                | 0x00060C58 | vis=Y | WindowsTerminal    | "\u25D0 verify-win32-assumptions"
20:08:04.713 | 0x0006 | HSHELL_REDRAW                | 0x00060C58 | vis=Y | WindowsTerminal    | "\u25D1 verify-win32-assumptions"
20:08:05.673 | 0x0006 | HSHELL_REDRAW                | 0x00060C58 | vis=Y | WindowsTerminal    | "\u25D0 verify-win32-assumptions"
20:08:06.635 | 0x0006 | HSHELL_REDRAW                | 0x00060C58 | vis=Y | WindowsTerminal    | "\u25D1 verify-win32-assumptions"
20:08:07.595 | 0x0006 | HSHELL_REDRAW                | 0x00060C58 | vis=Y | WindowsTerminal    | "\u25D0 verify-win32-assumptions"
20:08:08.557 | 0x0006 | HSHELL_REDRAW                | 0x00060C58 | vis=Y | WindowsTerminal    | "\u25D1 verify-win32-assumptions"
20:08:09.516 | 0x0006 | HSHELL_REDRAW                | 0x00060C58 | vis=Y | WindowsTerminal    | "\u25D0 verify-win32-assumptions"
20:08:10.478 | 0x0006 | HSHELL_REDRAW                | 0x00060C58 | vis=Y | WindowsTerminal    | "\u25D1 verify-win32-assumptions"
20:08:11.438 | 0x0006 | HSHELL_REDRAW                | 0x00060C58 | vis=Y | WindowsTerminal    | "\u25D0 verify-win32-assumptions"
20:08:12.400 | 0x0006 | HSHELL_REDRAW                | 0x00060C58 | vis=Y | WindowsTerminal    | "\u25D1 verify-win32-assumptions"
20:08:13.360 | 0x0006 | HSHELL_REDRAW                | 0x00060C58 | vis=Y | WindowsTerminal    | "\u25D0 verify-win32-assumptions"
20:08:14.321 | 0x0006 | HSHELL_REDRAW                | 0x00060C58 | vis=Y | WindowsTerminal    | "\u25D1 verify-win32-assumptions"
20:08:15.282 | 0x0006 | HSHELL_REDRAW                | 0x00060C58 | vis=Y | WindowsTerminal    | "\u25D0 verify-win32-assumptions"
20:08:16.244 | 0x0006 | HSHELL_REDRAW                | 0x00060C58 | vis=Y | WindowsTerminal    | "\u25D1 verify-win32-assumptions"
20:08:17.205 | 0x0006 | HSHELL_REDRAW                | 0x00060C58 | vis=Y | WindowsTerminal    | "\u25D0 verify-win32-assumptions"
20:08:18.165 | 0x0006 | HSHELL_REDRAW                | 0x00060C58 | vis=Y | WindowsTerminal    | "\u25D1 verify-win32-assumptions"
20:08:19.126 | 0x0006 | HSHELL_REDRAW                | 0x00060C58 | vis=Y | WindowsTerminal    | "\u25D0 verify-win32-assumptions"
20:08:20.086 | 0x0006 | HSHELL_REDRAW                | 0x00060C58 | vis=Y | WindowsTerminal    | "\u25D1 verify-win32-assumptions"
20:08:21.046 | 0x0006 | HSHELL_REDRAW                | 0x00060C58 | vis=Y | WindowsTerminal    | "\u25D0 verify-win32-assumptions"
20:08:21.406 | 0x0004 | HSHELL_WINDOWACTIVATED       | 0x1A470FD6 | vis=Y | Telegram           | "\u200E\u043D\u0438\u0448\u0435\u0432\u044B\u0439 \u0442\u0443\u0440\u0438\u0437\u043C \u0431\u0435\u0437 \u043D\u0430\u0434\u0440\u044B\u0432\u0430 \u2013 (4)"
20:08:22.695 | 0x0006 | HSHELL_REDRAW                | 0x1A470FD6 | vis=Y | Telegram           | "\u200E\u0422\u043E\u043F Twitter \u2013 (4)"
20:08:22.696 | 0x0006 | HSHELL_REDRAW                | 0x1A470FD6 | vis=Y | Telegram           | "\u200E\u0422\u043E\u043F Twitter \u2013 (3)"
20:08:22.697 | 0x0006 | HSHELL_REDRAW                | 0x1A470FD6 | vis=Y | Telegram           | "\u200E\u0422\u043E\u043F Twitter \u2013 (3)"
20:08:22.697 | 0x0006 | HSHELL_REDRAW                | 0x1A470FD6 | vis=Y | Telegram           | "\u200E\u0422\u043E\u043F Twitter \u2013 (3)"
20:08:22.697 | 0x0006 | HSHELL_REDRAW                | 0x1A470FD6 | vis=Y | Telegram           | "\u200E\u0422\u043E\u043F Twitter \u2013 (3)"
20:08:34.043 | 0x0006 | HSHELL_REDRAW                | 0x1A470FD6 | vis=Y | Telegram           | "\u200E4chan \u2013 (3)"
20:08:34.043 | 0x0006 | HSHELL_REDRAW                | 0x1A470FD6 | vis=Y | Telegram           | "\u200E4chan \u2013 (2)"
20:08:34.044 | 0x0006 | HSHELL_REDRAW                | 0x1A470FD6 | vis=Y | Telegram           | "\u200E4chan \u2013 (2)"
20:08:34.044 | 0x0006 | HSHELL_REDRAW                | 0x1A470FD6 | vis=Y | Telegram           | "\u200E4chan \u2013 (2)"
20:08:34.044 | 0x0006 | HSHELL_REDRAW                | 0x1A470FD6 | vis=Y | Telegram           | "\u200E4chan \u2013 (2)"
20:08:36.197 | 0x0006 | HSHELL_REDRAW                | 0x1A470FD6 | vis=Y | Telegram           | "\u200E4chan \u2013 (3)"
20:08:36.199 | 0x0006 | HSHELL_REDRAW                | 0x1A470FD6 | vis=Y | Telegram           | "\u200E4chan \u2013 (3)"
20:08:36.199 | 0x0006 | HSHELL_REDRAW                | 0x1A470FD6 | vis=Y | Telegram           | "\u200E4chan \u2013 (3)"
20:08:36.339 | 0x0006 | HSHELL_REDRAW                | 0x1A470FD6 | vis=Y | Telegram           | "\u200E\u041F\u0438\u043A\u0430\u0431\u0443 \u2013 (3)"
20:08:36.339 | 0x0006 | HSHELL_REDRAW                | 0x1A470FD6 | vis=Y | Telegram           | "\u200E\u041F\u0438\u043A\u0430\u0431\u0443 \u2013 (2)"
20:08:36.340 | 0x0006 | HSHELL_REDRAW                | 0x1A470FD6 | vis=Y | Telegram           | "\u200E\u041F\u0438\u043A\u0430\u0431\u0443 \u2013 (2)"
20:08:36.340 | 0x0006 | HSHELL_REDRAW                | 0x1A470FD6 | vis=Y | Telegram           | "\u200E\u041F\u0438\u043A\u0430\u0431\u0443 \u2013 (2)"
20:08:36.340 | 0x0006 | HSHELL_REDRAW                | 0x1A470FD6 | vis=Y | Telegram           | "\u200E\u041F\u0438\u043A\u0430\u0431\u0443 \u2013 (2)"
20:09:16.203 | 0x0006 | HSHELL_REDRAW                | 0x1A470FD6 | vis=Y | Telegram           | "\u200EBeavers \u2013 (2)"
20:09:16.203 | 0x0006 | HSHELL_REDRAW                | 0x1A470FD6 | vis=Y | Telegram           | "\u200EBeavers \u2013 (1)"
20:09:16.203 | 0x0006 | HSHELL_REDRAW                | 0x1A470FD6 | vis=Y | Telegram           | "\u200EBeavers \u2013 (1)"
20:09:16.203 | 0x0006 | HSHELL_REDRAW                | 0x1A470FD6 | vis=Y | Telegram           | "\u200EBeavers \u2013 (1)"
20:09:16.204 | 0x0006 | HSHELL_REDRAW                | 0x1A470FD6 | vis=Y | Telegram           | "\u200EBeavers \u2013 (1)"
20:09:56.997 | 0x0006 | HSHELL_REDRAW                | 0x001907A6 | vis=Y | chrome             | "GROWiNG OLDER! (Instrumental) | YouTube Music - Google Chrome"
20:10:01.876 | 0x0010 | HSHELL_MONITORCHANGED        | 0x001012E2 | vis=n | taskhostw          | "Task Host Window"
20:10:01.926 | 0x0002 | HSHELL_WINDOWDESTROYED       | 0x001012E2 | vis=n | taskhostw          | "Task Host Window"
20:10:01.931 | 0x0002 | HSHELL_WINDOWDESTROYED       | 0x001012E2 | vis=n | Idle               | ""
20:10:09.470 | 0x0001 | HSHELL_WINDOWCREATED         | 0x0C411144 | vis=Y | ms-teams           | "anton suchov | Microsoft Teams"
20:10:09.474 | 0x0001 | HSHELL_WINDOWCREATED         | 0x001111C2 | vis=Y | ms-teams           | "Chat | anton suchov | Microsoft Teams"
