=== flashprobe start 2026-08-15T19:50:44.3490089+02:00 (no filter) ===
host hwnd=0xB3116E SHELLHOOK message id=49193 (0xC029)
RegisterShellHookWindow OK — listening. Ctrl+C to stop.
cols: time | wParam(raw) | name | hwnd | visible | process | title
19:50:45.029 | 0x0006 | HSHELL_REDRAW                | 0x00060C58 | vis=Y | WindowsTerminal    | "\u25D1 verify-win32-assumptions"
19:50:45.988 | 0x0006 | HSHELL_REDRAW                | 0x00060C58 | vis=Y | WindowsTerminal    | "\u25D0 verify-win32-assumptions"
19:50:46.949 | 0x0006 | HSHELL_REDRAW                | 0x00060C58 | vis=Y | WindowsTerminal    | "\u25D1 verify-win32-assumptions"
19:50:47.910 | 0x0006 | HSHELL_REDRAW                | 0x00060C58 | vis=Y | WindowsTerminal    | "\u25D0 verify-win32-assumptions"
19:50:48.871 | 0x0006 | HSHELL_REDRAW                | 0x00060C58 | vis=Y | WindowsTerminal    | "\u25D1 verify-win32-assumptions"
19:50:49.833 | 0x0006 | HSHELL_REDRAW                | 0x00060C58 | vis=Y | WindowsTerminal    | "\u25D0 verify-win32-assumptions"
19:50:50.793 | 0x0006 | HSHELL_REDRAW                | 0x00060C58 | vis=Y | WindowsTerminal    | "\u25D1 verify-win32-assumptions"
19:50:51.755 | 0x0006 | HSHELL_REDRAW                | 0x00060C58 | vis=Y | WindowsTerminal    | "\u25D0 verify-win32-assumptions"
19:50:52.716 | 0x0006 | HSHELL_REDRAW                | 0x00060C58 | vis=Y | WindowsTerminal    | "\u25D1 verify-win32-assumptions"
19:50:53.677 | 0x0006 | HSHELL_REDRAW                | 0x00060C58 | vis=Y | WindowsTerminal    | "\u25D0 verify-win32-assumptions"
19:50:54.638 | 0x0006 | HSHELL_REDRAW                | 0x00060C58 | vis=Y | WindowsTerminal    | "\u25D1 verify-win32-assumptions"
19:50:55.599 | 0x0006 | HSHELL_REDRAW                | 0x00060C58 | vis=Y | WindowsTerminal    | "\u25D0 verify-win32-assumptions"
19:50:56.560 | 0x0006 | HSHELL_REDRAW                | 0x00060C58 | vis=Y | WindowsTerminal    | "\u25D1 verify-win32-assumptions"
19:50:57.520 | 0x0006 | HSHELL_REDRAW                | 0x00060C58 | vis=Y | WindowsTerminal    | "\u25D0 verify-win32-assumptions"
19:50:58.481 | 0x0006 | HSHELL_REDRAW                | 0x00060C58 | vis=Y | WindowsTerminal    | "\u25D1 verify-win32-assumptions"
19:50:59.442 | 0x0006 | HSHELL_REDRAW                | 0x00060C58 | vis=Y | WindowsTerminal    | "\u25D0 verify-win32-assumptions"
19:51:00.403 | 0x0006 | HSHELL_REDRAW                | 0x00060C58 | vis=Y | WindowsTerminal    | "\u25D1 verify-win32-assumptions"
19:51:01.364 | 0x0006 | HSHELL_REDRAW                | 0x00060C58 | vis=Y | WindowsTerminal    | "\u25D0 verify-win32-assumptions"
19:51:02.324 | 0x0006 | HSHELL_REDRAW                | 0x00060C58 | vis=Y | WindowsTerminal    | "\u25D1 verify-win32-assumptions"
19:51:02.595 | 0x0004 | HSHELL_WINDOWACTIVATED       | 0x00000000 | vis=n | Idle               | ""
19:51:02.601 | 0x0002 | HSHELL_WINDOWDESTROYED       | 0x001807A6 | vis=n | explorer           | "Default IME"
19:51:02.606 | 0x0002 | HSHELL_WINDOWDESTROYED       | 0x001807A6 | vis=n | Idle               | ""
19:51:02.619 | 0x0010 | HSHELL_MONITORCHANGED        | 0x00111464 | vis=n | chrome             | ""
19:51:02.629 | 0x0002 | HSHELL_WINDOWDESTROYED       | 0x00111464 | vis=n | Idle               | ""
19:51:02.629 | 0x0006 | HSHELL_REDRAW                | 0x001907A6 | vis=n | chrome             | ""
19:51:02.629 | 0x0010 | HSHELL_MONITORCHANGED        | 0x001907A6 | vis=n | chrome             | ""
19:51:02.643 | 0x0006 | HSHELL_REDRAW                | 0x001907A6 | vis=n | chrome             | "Untitled - Google Chrome"
19:51:02.652 | 0x0006 | HSHELL_REDRAW                | 0x001907A6 | vis=n | chrome             | "New Tab - Google Chrome"
19:51:02.661 | 0x0001 | HSHELL_WINDOWCREATED         | 0x001907A6 | vis=Y | chrome             | "New Tab - Google Chrome"
19:51:02.671 | 0x0004 | HSHELL_WINDOWACTIVATED       | 0x001907A6 | vis=Y | chrome             | "New Tab - Google Chrome"
19:51:06.203 | 0x0006 | HSHELL_REDRAW                | 0x00060C58 | vis=Y | WindowsTerminal    | "\u2733 verify-win32-assumptions"
19:51:07.977 | 0x0006 | HSHELL_REDRAW                | 0x001907A6 | vis=Y | chrome             | "YouTube Music - Google Chrome"
19:51:24.548 | 0x8006 | HSHELL_FLASH                 | 0x001111C2 | vis=Y | ms-teams           | "Chat | anton suchov | Microsoft Teams"
19:51:25.073 | 0x0006 | HSHELL_REDRAW                | 0x001111C2 | vis=Y | ms-teams           | "Chat | anton suchov | Microsoft Teams"
19:51:25.607 | 0x8006 | HSHELL_FLASH                 | 0x001111C2 | vis=Y | ms-teams           | "Chat | anton suchov | Microsoft Teams"
19:51:26.135 | 0x0006 | HSHELL_REDRAW                | 0x001111C2 | vis=Y | ms-teams           | "Chat | anton suchov | Microsoft Teams"
19:51:26.669 | 0x8006 | HSHELL_FLASH                 | 0x001111C2 | vis=Y | ms-teams           | "Chat | anton suchov | Microsoft Teams"
19:51:28.578 | 0x0004 | HSHELL_WINDOWACTIVATED       | 0x00060C58 | vis=Y | WindowsTerminal    | "\u2733 verify-win32-assumptions"
19:51:32.853 | 0x0006 | HSHELL_REDRAW                | 0x00060C58 | vis=Y | WindowsTerminal    | "\u25D1 verify-win32-assumptions"
19:51:33.814 | 0x0006 | HSHELL_REDRAW                | 0x00060C58 | vis=Y | WindowsTerminal    | "\u25D0 verify-win32-assumptions"
19:51:34.774 | 0x0006 | HSHELL_REDRAW                | 0x00060C58 | vis=Y | WindowsTerminal    | "\u25D1 verify-win32-assumptions"
19:51:35.735 | 0x0006 | HSHELL_REDRAW                | 0x00060C58 | vis=Y | WindowsTerminal    | "\u25D0 verify-win32-assumptions"
19:51:36.696 | 0x0006 | HSHELL_REDRAW                | 0x00060C58 | vis=Y | WindowsTerminal    | "\u25D1 verify-win32-assumptions"
19:51:37.657 | 0x0006 | HSHELL_REDRAW                | 0x00060C58 | vis=Y | WindowsTerminal    | "\u25D0 verify-win32-assumptions"
19:51:38.617 | 0x0006 | HSHELL_REDRAW                | 0x00060C58 | vis=Y | WindowsTerminal    | "\u25D1 verify-win32-assumptions"
19:51:39.579 | 0x0006 | HSHELL_REDRAW                | 0x00060C58 | vis=Y | WindowsTerminal    | "\u25D0 verify-win32-assumptions"
19:51:40.539 | 0x0006 | HSHELL_REDRAW                | 0x00060C58 | vis=Y | WindowsTerminal    | "\u25D1 verify-win32-assumptions"
19:51:41.500 | 0x0006 | HSHELL_REDRAW                | 0x00060C58 | vis=Y | WindowsTerminal    | "\u25D0 verify-win32-assumptions"
19:51:42.461 | 0x0006 | HSHELL_REDRAW                | 0x00060C58 | vis=Y | WindowsTerminal    | "\u25D1 verify-win32-assumptions"
19:51:43.421 | 0x0006 | HSHELL_REDRAW                | 0x00060C58 | vis=Y | WindowsTerminal    | "\u25D0 verify-win32-assumptions"
19:51:44.383 | 0x0006 | HSHELL_REDRAW                | 0x00060C58 | vis=Y | WindowsTerminal    | "\u25D1 verify-win32-assumptions"
19:51:44.749 | 0x0004 | HSHELL_WINDOWACTIVATED       | 0x001907A6 | vis=Y | chrome             | "YouTube Music - Google Chrome"
19:51:49.932 | 0x0010 | HSHELL_MONITORCHANGED        | 0x001D1338 | vis=n | SoundSwitch        | ""
19:51:49.933 | 0x0002 | HSHELL_WINDOWDESTROYED       | 0x001D1338 | vis=n | SoundSwitch        | ""
19:51:52.999 | 0x000C | HSHELL_APPCOMMAND            | 0x000A0000 | vis=n | Idle               | ""
19:51:53.083 | 0x000C | HSHELL_APPCOMMAND            | 0x000A0000 | vis=n | Idle               | ""
19:51:53.310 | 0x000C | HSHELL_APPCOMMAND            | 0x000A0000 | vis=n | Idle               | ""
19:51:55.662 | 0x000C | HSHELL_APPCOMMAND            | 0x00090001 | vis=n | Idle               | ""
19:51:56.529 | 0x000C | HSHELL_APPCOMMAND            | 0x00090000 | vis=n | Idle               | ""
19:51:59.473 | 0x0010 | HSHELL_MONITORCHANGED        | 0x63861004 | vis=n | conhost            | "C:\\projects\\HydraWin\\spikes\\HideShow\\bin\\Debug\\net10.0-windows\\hideshow.exe"
19:51:59.475 | 0x0010 | HSHELL_MONITORCHANGED        | 0x00061344 | vis=n | conhost            | "C:\\projects\\HydraWin\\spikes\\HideShow\\bin\\Debug\\net10.0-windows\\hideshow.exe"
19:51:59.477 | 0x0006 | HSHELL_REDRAW                | 0x63861004 | vis=n | conhost            | "C:\\projects\\HydraWin\\spikes\\HideShow\\bin\\Debug\\net10.0-windows\\hideshow.exe"
19:51:59.478 | 0x0006 | HSHELL_REDRAW                | 0x00061344 | vis=n | conhost            | "C:\\projects\\HydraWin\\spikes\\HideShow\\bin\\Debug\\net10.0-windows\\hideshow.exe"
19:51:59.479 | 0x0006 | HSHELL_REDRAW                | 0x63861004 | vis=n | conhost            | "C:\\projects\\HydraWin\\spikes\\HideShow\\bin\\Debug\\net10.0-windows\\hideshow.exe"
19:51:59.479 | 0x0006 | HSHELL_REDRAW                | 0x00061344 | vis=n | conhost            | "C:\\projects\\HydraWin\\spikes\\HideShow\\bin\\Debug\\net10.0-windows\\hideshow.exe"
19:51:59.573 | 0x0002 | HSHELL_WINDOWDESTROYED       | 0x0C411144 | vis=n | ms-teams           | "anton suchov | Microsoft Teams"
19:51:59.597 | 0x0002 | HSHELL_WINDOWDESTROYED       | 0x00061344 | vis=n | Idle               | ""
19:52:16.884 | 0x0035 | HSHELL_UNKNOWN(53)           | 0x000509B4 | vis=Y | explorer           | ""
19:52:17.294 | 0x0036 | HSHELL_UNKNOWN(54)           | 0x000509B4 | vis=n | explorer           | ""
19:52:29.391 | 0x0010 | HSHELL_MONITORCHANGED        | 0x00071344 | vis=n | conhost            | "C:\\projects\\HydraWin\\spikes\\HideShow\\bin\\Debug\\net10.0-windows\\hideshow.exe"
19:52:29.392 | 0x0006 | HSHELL_REDRAW                | 0x00071344 | vis=n | conhost            | "C:\\projects\\HydraWin\\spikes\\HideShow\\bin\\Debug\\net10.0-windows\\hideshow.exe"
19:52:29.393 | 0x0006 | HSHELL_REDRAW                | 0x00071344 | vis=n | conhost            | "C:\\projects\\HydraWin\\spikes\\HideShow\\bin\\Debug\\net10.0-windows\\hideshow.exe"
19:52:29.484 | 0x0002 | HSHELL_WINDOWDESTROYED       | 0x001111C2 | vis=n | ms-teams           | "Chat | anton suchov | Microsoft Teams"
19:52:36.337 | 0x0006 | HSHELL_REDRAW                | 0x00060C58 | vis=Y | WindowsTerminal    | "\u2733 verify-win32-assumptions"
19:52:58.372 | 0x0004 | HSHELL_WINDOWACTIVATED       | 0x00060C58 | vis=Y | WindowsTerminal    | "\u2733 verify-win32-assumptions"
19:53:01.785 | 0x0006 | HSHELL_REDRAW                | 0x00060C58 | vis=Y | WindowsTerminal    | "\u25D1 verify-win32-assumptions"
19:53:02.746 | 0x0006 | HSHELL_REDRAW                | 0x00060C58 | vis=Y | WindowsTerminal    | "\u25D0 verify-win32-assumptions"
19:53:03.707 | 0x0006 | HSHELL_REDRAW                | 0x00060C58 | vis=Y | WindowsTerminal    | "\u25D1 verify-win32-assumptions"
19:53:04.668 | 0x0006 | HSHELL_REDRAW                | 0x00060C58 | vis=Y | WindowsTerminal    | "\u25D0 verify-win32-assumptions"
19:53:05.630 | 0x0006 | HSHELL_REDRAW                | 0x00060C58 | vis=Y | WindowsTerminal    | "\u25D1 verify-win32-assumptions"
19:53:06.591 | 0x0006 | HSHELL_REDRAW                | 0x00060C58 | vis=Y | WindowsTerminal    | "\u25D0 verify-win32-assumptions"
19:53:07.552 | 0x0006 | HSHELL_REDRAW                | 0x00060C58 | vis=Y | WindowsTerminal    | "\u25D1 verify-win32-assumptions"
19:53:08.512 | 0x0006 | HSHELL_REDRAW                | 0x00060C58 | vis=Y | WindowsTerminal    | "\u25D0 verify-win32-assumptions"
19:53:09.472 | 0x0006 | HSHELL_REDRAW                | 0x00060C58 | vis=Y | WindowsTerminal    | "\u25D1 verify-win32-assumptions"
19:53:10.434 | 0x0006 | HSHELL_REDRAW                | 0x00060C58 | vis=Y | WindowsTerminal    | "\u25D0 verify-win32-assumptions"
19:53:11.395 | 0x0006 | HSHELL_REDRAW                | 0x00060C58 | vis=Y | WindowsTerminal    | "\u25D1 verify-win32-assumptions"
19:53:12.355 | 0x0006 | HSHELL_REDRAW                | 0x00060C58 | vis=Y | WindowsTerminal    | "\u25D0 verify-win32-assumptions"
19:53:13.317 | 0x0006 | HSHELL_REDRAW                | 0x00060C58 | vis=Y | WindowsTerminal    | "\u25D1 verify-win32-assumptions"
19:53:14.277 | 0x0006 | HSHELL_REDRAW                | 0x00060C58 | vis=Y | WindowsTerminal    | "\u25D0 verify-win32-assumptions"
19:53:15.238 | 0x0006 | HSHELL_REDRAW                | 0x00060C58 | vis=Y | WindowsTerminal    | "\u25D1 verify-win32-assumptions"
19:53:16.199 | 0x0006 | HSHELL_REDRAW                | 0x00060C58 | vis=Y | WindowsTerminal    | "\u25D0 verify-win32-assumptions"
19:53:17.161 | 0x0006 | HSHELL_REDRAW                | 0x00060C58 | vis=Y | WindowsTerminal    | "\u25D1 verify-win32-assumptions"
19:53:18.120 | 0x0006 | HSHELL_REDRAW                | 0x00060C58 | vis=Y | WindowsTerminal    | "\u25D0 verify-win32-assumptions"
19:53:19.081 | 0x0006 | HSHELL_REDRAW                | 0x00060C58 | vis=Y | WindowsTerminal    | "\u25D1 verify-win32-assumptions"
19:53:20.042 | 0x0006 | HSHELL_REDRAW                | 0x00060C58 | vis=Y | WindowsTerminal    | "\u25D0 verify-win32-assumptions"
19:53:21.004 | 0x0006 | HSHELL_REDRAW                | 0x00060C58 | vis=Y | WindowsTerminal    | "\u25D1 verify-win32-assumptions"
19:53:21.965 | 0x0006 | HSHELL_REDRAW                | 0x00060C58 | vis=Y | WindowsTerminal    | "\u25D0 verify-win32-assumptions"
19:53:22.927 | 0x0006 | HSHELL_REDRAW                | 0x00060C58 | vis=Y | WindowsTerminal    | "\u25D1 verify-win32-assumptions"
19:53:23.887 | 0x0006 | HSHELL_REDRAW                | 0x00060C58 | vis=Y | WindowsTerminal    | "\u25D0 verify-win32-assumptions"
19:53:24.848 | 0x0006 | HSHELL_REDRAW                | 0x00060C58 | vis=Y | WindowsTerminal    | "\u25D1 verify-win32-assumptions"
19:53:25.808 | 0x0006 | HSHELL_REDRAW                | 0x00060C58 | vis=Y | WindowsTerminal    | "\u25D0 verify-win32-assumptions"
19:53:26.769 | 0x0006 | HSHELL_REDRAW                | 0x00060C58 | vis=Y | WindowsTerminal    | "\u25D1 verify-win32-assumptions"
19:53:27.731 | 0x0006 | HSHELL_REDRAW                | 0x00060C58 | vis=Y | WindowsTerminal    | "\u25D0 verify-win32-assumptions"
19:53:28.692 | 0x0006 | HSHELL_REDRAW                | 0x00060C58 | vis=Y | WindowsTerminal    | "\u25D1 verify-win32-assumptions"
19:53:29.654 | 0x0006 | HSHELL_REDRAW                | 0x00060C58 | vis=Y | WindowsTerminal    | "\u25D0 verify-win32-assumptions"
19:53:30.614 | 0x0006 | HSHELL_REDRAW                | 0x00060C58 | vis=Y | WindowsTerminal    | "\u25D1 verify-win32-assumptions"
19:53:31.575 | 0x0006 | HSHELL_REDRAW                | 0x00060C58 | vis=Y | WindowsTerminal    | "\u25D0 verify-win32-assumptions"
19:53:32.538 | 0x0006 | HSHELL_REDRAW                | 0x00060C58 | vis=Y | WindowsTerminal    | "\u25D1 verify-win32-assumptions"
19:53:33.497 | 0x0006 | HSHELL_REDRAW                | 0x00060C58 | vis=Y | WindowsTerminal    | "\u25D0 verify-win32-assumptions"
19:53:34.457 | 0x0006 | HSHELL_REDRAW                | 0x00060C58 | vis=Y | WindowsTerminal    | "\u25D1 verify-win32-assumptions"
19:53:35.417 | 0x0006 | HSHELL_REDRAW                | 0x00060C58 | vis=Y | WindowsTerminal    | "\u25D0 verify-win32-assumptions"
19:53:36.377 | 0x0006 | HSHELL_REDRAW                | 0x00060C58 | vis=Y | WindowsTerminal    | "\u25D1 verify-win32-assumptions"
19:53:37.338 | 0x0006 | HSHELL_REDRAW                | 0x00060C58 | vis=Y | WindowsTerminal    | "\u25D0 verify-win32-assumptions"
19:53:38.299 | 0x0006 | HSHELL_REDRAW                | 0x00060C58 | vis=Y | WindowsTerminal    | "\u25D1 verify-win32-assumptions"
19:53:39.260 | 0x0006 | HSHELL_REDRAW                | 0x00060C58 | vis=Y | WindowsTerminal    | "\u25D0 verify-win32-assumptions"
19:53:40.222 | 0x0006 | HSHELL_REDRAW                | 0x00060C58 | vis=Y | WindowsTerminal    | "\u25D1 verify-win32-assumptions"
19:53:41.183 | 0x0006 | HSHELL_REDRAW                | 0x00060C58 | vis=Y | WindowsTerminal    | "\u25D0 verify-win32-assumptions"
19:53:42.144 | 0x0006 | HSHELL_REDRAW                | 0x00060C58 | vis=Y | WindowsTerminal    | "\u25D1 verify-win32-assumptions"
19:53:43.105 | 0x0006 | HSHELL_REDRAW                | 0x00060C58 | vis=Y | WindowsTerminal    | "\u25D0 verify-win32-assumptions"
19:53:44.065 | 0x0006 | HSHELL_REDRAW                | 0x00060C58 | vis=Y | WindowsTerminal    | "\u25D1 verify-win32-assumptions"
19:53:45.026 | 0x0006 | HSHELL_REDRAW                | 0x00060C58 | vis=Y | WindowsTerminal    | "\u25D0 verify-win32-assumptions"
19:53:45.986 | 0x0006 | HSHELL_REDRAW                | 0x00060C58 | vis=Y | WindowsTerminal    | "\u25D1 verify-win32-assumptions"
19:53:46.947 | 0x0006 | HSHELL_REDRAW                | 0x00060C58 | vis=Y | WindowsTerminal    | "\u25D0 verify-win32-assumptions"
19:53:47.908 | 0x0006 | HSHELL_REDRAW                | 0x00060C58 | vis=Y | WindowsTerminal    | "\u25D1 verify-win32-assumptions"
19:53:48.868 | 0x0006 | HSHELL_REDRAW                | 0x00060C58 | vis=Y | WindowsTerminal    | "\u25D0 verify-win32-assumptions"
19:53:49.830 | 0x0006 | HSHELL_REDRAW                | 0x00060C58 | vis=Y | WindowsTerminal    | "\u25D1 verify-win32-assumptions"
19:53:50.790 | 0x0006 | HSHELL_REDRAW                | 0x00060C58 | vis=Y | WindowsTerminal    | "\u25D0 verify-win32-assumptions"
19:53:51.751 | 0x0006 | HSHELL_REDRAW                | 0x00060C58 | vis=Y | WindowsTerminal    | "\u25D1 verify-win32-assumptions"
19:53:52.713 | 0x0006 | HSHELL_REDRAW                | 0x00060C58 | vis=Y | WindowsTerminal    | "\u25D0 verify-win32-assumptions"
19:53:53.674 | 0x0006 | HSHELL_REDRAW                | 0x00060C58 | vis=Y | WindowsTerminal    | "\u25D1 verify-win32-assumptions"
19:53:54.634 | 0x0006 | HSHELL_REDRAW                | 0x00060C58 | vis=Y | WindowsTerminal    | "\u25D0 verify-win32-assumptions"
19:53:55.595 | 0x0006 | HSHELL_REDRAW                | 0x00060C58 | vis=Y | WindowsTerminal    | "\u25D1 verify-win32-assumptions"
19:53:56.556 | 0x0006 | HSHELL_REDRAW                | 0x00060C58 | vis=Y | WindowsTerminal    | "\u25D0 verify-win32-assumptions"
19:53:57.518 | 0x0006 | HSHELL_REDRAW                | 0x00060C58 | vis=Y | WindowsTerminal    | "\u25D1 verify-win32-assumptions"
19:53:58.479 | 0x0006 | HSHELL_REDRAW                | 0x00060C58 | vis=Y | WindowsTerminal    | "\u25D0 verify-win32-assumptions"
19:53:59.439 | 0x0006 | HSHELL_REDRAW                | 0x00060C58 | vis=Y | WindowsTerminal    | "\u25D1 verify-win32-assumptions"
19:54:00.401 | 0x0006 | HSHELL_REDRAW                | 0x00060C58 | vis=Y | WindowsTerminal    | "\u25D0 verify-win32-assumptions"
19:54:01.360 | 0x0006 | HSHELL_REDRAW                | 0x00060C58 | vis=Y | WindowsTerminal    | "\u25D1 verify-win32-assumptions"
19:54:02.321 | 0x0006 | HSHELL_REDRAW                | 0x00060C58 | vis=Y | WindowsTerminal    | "\u25D0 verify-win32-assumptions"
19:54:03.282 | 0x0006 | HSHELL_REDRAW                | 0x00060C58 | vis=Y | WindowsTerminal    | "\u25D1 verify-win32-assumptions"
19:54:04.243 | 0x0006 | HSHELL_REDRAW                | 0x00060C58 | vis=Y | WindowsTerminal    | "\u25D0 verify-win32-assumptions"
19:54:05.204 | 0x0006 | HSHELL_REDRAW                | 0x00060C58 | vis=Y | WindowsTerminal    | "\u25D1 verify-win32-assumptions"
19:54:06.165 | 0x0006 | HSHELL_REDRAW                | 0x00060C58 | vis=Y | WindowsTerminal    | "\u25D0 verify-win32-assumptions"
19:54:07.126 | 0x0006 | HSHELL_REDRAW                | 0x00060C58 | vis=Y | WindowsTerminal    | "\u25D1 verify-win32-assumptions"
19:54:08.087 | 0x0006 | HSHELL_REDRAW                | 0x00060C58 | vis=Y | WindowsTerminal    | "\u25D0 verify-win32-assumptions"
19:54:09.047 | 0x0006 | HSHELL_REDRAW                | 0x00060C58 | vis=Y | WindowsTerminal    | "\u25D1 verify-win32-assumptions"
19:54:10.009 | 0x0006 | HSHELL_REDRAW                | 0x00060C58 | vis=Y | WindowsTerminal    | "\u25D0 verify-win32-assumptions"
19:54:10.969 | 0x0006 | HSHELL_REDRAW                | 0x00060C58 | vis=Y | WindowsTerminal    | "\u25D1 verify-win32-assumptions"
19:54:11.930 | 0x0006 | HSHELL_REDRAW                | 0x00060C58 | vis=Y | WindowsTerminal    | "\u25D0 verify-win32-assumptions"
19:54:12.890 | 0x0006 | HSHELL_REDRAW                | 0x00060C58 | vis=Y | WindowsTerminal    | "\u25D1 verify-win32-assumptions"
19:54:13.851 | 0x0006 | HSHELL_REDRAW                | 0x00060C58 | vis=Y | WindowsTerminal    | "\u25D0 verify-win32-assumptions"
19:54:14.812 | 0x0006 | HSHELL_REDRAW                | 0x00060C58 | vis=Y | WindowsTerminal    | "\u25D1 verify-win32-assumptions"
19:54:15.774 | 0x0006 | HSHELL_REDRAW                | 0x00060C58 | vis=Y | WindowsTerminal    | "\u25D0 verify-win32-assumptions"
19:54:16.735 | 0x0006 | HSHELL_REDRAW                | 0x00060C58 | vis=Y | WindowsTerminal    | "\u25D1 verify-win32-assumptions"
19:54:17.695 | 0x0006 | HSHELL_REDRAW                | 0x00060C58 | vis=Y | WindowsTerminal    | "\u25D0 verify-win32-assumptions"
19:54:18.656 | 0x0006 | HSHELL_REDRAW                | 0x00060C58 | vis=Y | WindowsTerminal    | "\u25D1 verify-win32-assumptions"
19:54:19.222 | 0x0006 | HSHELL_REDRAW                | 0x001907A6 | vis=Y | chrome             | "HAD ENOUGH! (Instrumental) | YouTube Music - Google Chrome"
19:54:19.617 | 0x0006 | HSHELL_REDRAW                | 0x00060C58 | vis=Y | WindowsTerminal    | "\u25D0 verify-win32-assumptions"
19:54:20.577 | 0x0006 | HSHELL_REDRAW                | 0x00060C58 | vis=Y | WindowsTerminal    | "\u25D1 verify-win32-assumptions"
19:54:21.538 | 0x0006 | HSHELL_REDRAW                | 0x00060C58 | vis=Y | WindowsTerminal    | "\u25D0 verify-win32-assumptions"
19:54:22.500 | 0x0006 | HSHELL_REDRAW                | 0x00060C58 | vis=Y | WindowsTerminal    | "\u25D1 verify-win32-assumptions"
19:54:23.461 | 0x0006 | HSHELL_REDRAW                | 0x00060C58 | vis=Y | WindowsTerminal    | "\u25D0 verify-win32-assumptions"
19:54:24.421 | 0x0006 | HSHELL_REDRAW                | 0x00060C58 | vis=Y | WindowsTerminal    | "\u25D1 verify-win32-assumptions"
19:54:25.382 | 0x0006 | HSHELL_REDRAW                | 0x00060C58 | vis=Y | WindowsTerminal    | "\u25D0 verify-win32-assumptions"
19:54:26.343 | 0x0006 | HSHELL_REDRAW                | 0x00060C58 | vis=Y | WindowsTerminal    | "\u25D1 verify-win32-assumptions"
19:54:27.304 | 0x0006 | HSHELL_REDRAW                | 0x00060C58 | vis=Y | WindowsTerminal    | "\u25D0 verify-win32-assumptions"
19:54:28.265 | 0x0006 | HSHELL_REDRAW                | 0x00060C58 | vis=Y | WindowsTerminal    | "\u25D1 verify-win32-assumptions"
19:54:29.226 | 0x0006 | HSHELL_REDRAW                | 0x00060C58 | vis=Y | WindowsTerminal    | "\u25D0 verify-win32-assumptions"
19:54:30.187 | 0x0006 | HSHELL_REDRAW                | 0x00060C58 | vis=Y | WindowsTerminal    | "\u25D1 verify-win32-assumptions"
19:54:31.148 | 0x0006 | HSHELL_REDRAW                | 0x00060C58 | vis=Y | WindowsTerminal    | "\u25D0 verify-win32-assumptions"
19:54:32.109 | 0x0006 | HSHELL_REDRAW                | 0x00060C58 | vis=Y | WindowsTerminal    | "\u25D1 verify-win32-assumptions"
19:54:33.070 | 0x0006 | HSHELL_REDRAW                | 0x00060C58 | vis=Y | WindowsTerminal    | "\u25D0 verify-win32-assumptions"
19:54:34.032 | 0x0006 | HSHELL_REDRAW                | 0x00060C58 | vis=Y | WindowsTerminal    | "\u25D1 verify-win32-assumptions"
19:54:34.993 | 0x0006 | HSHELL_REDRAW                | 0x00060C58 | vis=Y | WindowsTerminal    | "\u25D0 verify-win32-assumptions"
19:54:35.954 | 0x0006 | HSHELL_REDRAW                | 0x00060C58 | vis=Y | WindowsTerminal    | "\u25D1 verify-win32-assumptions"
19:54:36.914 | 0x0006 | HSHELL_REDRAW                | 0x00060C58 | vis=Y | WindowsTerminal    | "\u25D0 verify-win32-assumptions"
19:54:37.874 | 0x0006 | HSHELL_REDRAW                | 0x00060C58 | vis=Y | WindowsTerminal    | "\u25D1 verify-win32-assumptions"
19:54:38.834 | 0x0006 | HSHELL_REDRAW                | 0x00060C58 | vis=Y | WindowsTerminal    | "\u25D0 verify-win32-assumptions"
19:54:39.796 | 0x0006 | HSHELL_REDRAW                | 0x00060C58 | vis=Y | WindowsTerminal    | "\u25D1 verify-win32-assumptions"
19:54:40.756 | 0x0006 | HSHELL_REDRAW                | 0x00060C58 | vis=Y | WindowsTerminal    | "\u25D0 verify-win32-assumptions"
19:54:41.718 | 0x0006 | HSHELL_REDRAW                | 0x00060C58 | vis=Y | WindowsTerminal    | "\u25D1 verify-win32-assumptions"
19:54:42.679 | 0x0006 | HSHELL_REDRAW                | 0x00060C58 | vis=Y | WindowsTerminal    | "\u25D0 verify-win32-assumptions"
19:54:43.640 | 0x0006 | HSHELL_REDRAW                | 0x00060C58 | vis=Y | WindowsTerminal    | "\u25D1 verify-win32-assumptions"
19:54:44.601 | 0x0006 | HSHELL_REDRAW                | 0x00060C58 | vis=Y | WindowsTerminal    | "\u25D0 verify-win32-assumptions"
19:54:45.563 | 0x0006 | HSHELL_REDRAW                | 0x00060C58 | vis=Y | WindowsTerminal    | "\u25D1 verify-win32-assumptions"
19:54:46.523 | 0x0006 | HSHELL_REDRAW                | 0x00060C58 | vis=Y | WindowsTerminal    | "\u25D0 verify-win32-assumptions"
19:54:47.483 | 0x0006 | HSHELL_REDRAW                | 0x00060C58 | vis=Y | WindowsTerminal    | "\u25D1 verify-win32-assumptions"
19:54:48.444 | 0x0006 | HSHELL_REDRAW                | 0x00060C58 | vis=Y | WindowsTerminal    | "\u25D0 verify-win32-assumptions"
19:54:49.405 | 0x0006 | HSHELL_REDRAW                | 0x00060C58 | vis=Y | WindowsTerminal    | "\u25D1 verify-win32-assumptions"
19:54:50.366 | 0x0006 | HSHELL_REDRAW                | 0x00060C58 | vis=Y | WindowsTerminal    | "\u25D0 verify-win32-assumptions"
19:54:51.327 | 0x0006 | HSHELL_REDRAW                | 0x00060C58 | vis=Y | WindowsTerminal    | "\u25D1 verify-win32-assumptions"
19:54:52.289 | 0x0006 | HSHELL_REDRAW                | 0x00060C58 | vis=Y | WindowsTerminal    | "\u25D0 verify-win32-assumptions"
19:54:53.249 | 0x0006 | HSHELL_REDRAW                | 0x00060C58 | vis=Y | WindowsTerminal    | "\u25D1 verify-win32-assumptions"
19:54:54.210 | 0x0006 | HSHELL_REDRAW                | 0x00060C58 | vis=Y | WindowsTerminal    | "\u25D0 verify-win32-assumptions"
19:54:55.171 | 0x0006 | HSHELL_REDRAW                | 0x00060C58 | vis=Y | WindowsTerminal    | "\u25D1 verify-win32-assumptions"
19:54:56.132 | 0x0006 | HSHELL_REDRAW                | 0x00060C58 | vis=Y | WindowsTerminal    | "\u25D0 verify-win32-assumptions"
19:54:57.093 | 0x0006 | HSHELL_REDRAW                | 0x00060C58 | vis=Y | WindowsTerminal    | "\u25D1 verify-win32-assumptions"
19:54:58.054 | 0x0006 | HSHELL_REDRAW                | 0x00060C58 | vis=Y | WindowsTerminal    | "\u25D0 verify-win32-assumptions"
19:54:59.014 | 0x0006 | HSHELL_REDRAW                | 0x00060C58 | vis=Y | WindowsTerminal    | "\u25D1 verify-win32-assumptions"
19:54:59.976 | 0x0006 | HSHELL_REDRAW                | 0x00060C58 | vis=Y | WindowsTerminal    | "\u25D0 verify-win32-assumptions"
19:55:00.936 | 0x0006 | HSHELL_REDRAW                | 0x00060C58 | vis=Y | WindowsTerminal    | "\u25D1 verify-win32-assumptions"
19:55:01.868 | 0x0010 | HSHELL_MONITORCHANGED        | 0x0012132E | vis=n | taskhostw          | "Task Host Window"
19:55:01.897 | 0x0006 | HSHELL_REDRAW                | 0x00060C58 | vis=Y | WindowsTerminal    | "\u25D0 verify-win32-assumptions"
19:55:01.921 | 0x0002 | HSHELL_WINDOWDESTROYED       | 0x0012132E | vis=n | taskhostw          | "Task Host Window"
19:55:01.925 | 0x0002 | HSHELL_WINDOWDESTROYED       | 0x0012132E | vis=n | Idle               | ""
19:55:02.857 | 0x0006 | HSHELL_REDRAW                | 0x00060C58 | vis=Y | WindowsTerminal    | "\u25D1 verify-win32-assumptions"
19:55:03.818 | 0x0006 | HSHELL_REDRAW                | 0x00060C58 | vis=Y | WindowsTerminal    | "\u25D0 verify-win32-assumptions"
19:55:04.779 | 0x0006 | HSHELL_REDRAW                | 0x00060C58 | vis=Y | WindowsTerminal    | "\u25D1 verify-win32-assumptions"
19:55:05.740 | 0x0006 | HSHELL_REDRAW                | 0x00060C58 | vis=Y | WindowsTerminal    | "\u25D0 verify-win32-assumptions"
19:55:06.700 | 0x0006 | HSHELL_REDRAW                | 0x00060C58 | vis=Y | WindowsTerminal    | "\u25D1 verify-win32-assumptions"
19:55:07.661 | 0x0006 | HSHELL_REDRAW                | 0x00060C58 | vis=Y | WindowsTerminal    | "\u25D0 verify-win32-assumptions"
19:55:08.621 | 0x0006 | HSHELL_REDRAW                | 0x00060C58 | vis=Y | WindowsTerminal    | "\u25D1 verify-win32-assumptions"
19:55:09.582 | 0x0006 | HSHELL_REDRAW                | 0x00060C58 | vis=Y | WindowsTerminal    | "\u25D0 verify-win32-assumptions"
19:55:10.543 | 0x0006 | HSHELL_REDRAW                | 0x00060C58 | vis=Y | WindowsTerminal    | "\u25D1 verify-win32-assumptions"
19:55:11.503 | 0x0006 | HSHELL_REDRAW                | 0x00060C58 | vis=Y | WindowsTerminal    | "\u25D0 verify-win32-assumptions"
19:55:12.463 | 0x0006 | HSHELL_REDRAW                | 0x00060C58 | vis=Y | WindowsTerminal    | "\u25D1 verify-win32-assumptions"
19:55:13.424 | 0x0006 | HSHELL_REDRAW                | 0x00060C58 | vis=Y | WindowsTerminal    | "\u25D0 verify-win32-assumptions"
19:55:14.386 | 0x0006 | HSHELL_REDRAW                | 0x00060C58 | vis=Y | WindowsTerminal    | "\u25D1 verify-win32-assumptions"
19:55:15.346 | 0x0006 | HSHELL_REDRAW                | 0x00060C58 | vis=Y | WindowsTerminal    | "\u25D0 verify-win32-assumptions"
19:55:16.307 | 0x0006 | HSHELL_REDRAW                | 0x00060C58 | vis=Y | WindowsTerminal    | "\u25D1 verify-win32-assumptions"
19:55:17.267 | 0x0006 | HSHELL_REDRAW                | 0x00060C58 | vis=Y | WindowsTerminal    | "\u25D0 verify-win32-assumptions"
19:55:18.228 | 0x0006 | HSHELL_REDRAW                | 0x00060C58 | vis=Y | WindowsTerminal    | "\u25D1 verify-win32-assumptions"
19:55:19.187 | 0x0006 | HSHELL_REDRAW                | 0x00060C58 | vis=Y | WindowsTerminal    | "\u25D0 verify-win32-assumptions"
19:55:20.148 | 0x0006 | HSHELL_REDRAW                | 0x00060C58 | vis=Y | WindowsTerminal    | "\u25D1 verify-win32-assumptions"
19:55:21.109 | 0x0006 | HSHELL_REDRAW                | 0x00060C58 | vis=Y | WindowsTerminal    | "\u25D0 verify-win32-assumptions"
19:55:22.070 | 0x0006 | HSHELL_REDRAW                | 0x00060C58 | vis=Y | WindowsTerminal    | "\u25D1 verify-win32-assumptions"
19:55:23.030 | 0x0006 | HSHELL_REDRAW                | 0x00060C58 | vis=Y | WindowsTerminal    | "\u25D0 verify-win32-assumptions"
19:55:23.991 | 0x0006 | HSHELL_REDRAW                | 0x00060C58 | vis=Y | WindowsTerminal    | "\u25D1 verify-win32-assumptions"
19:55:24.952 | 0x0006 | HSHELL_REDRAW                | 0x00060C58 | vis=Y | WindowsTerminal    | "\u25D0 verify-win32-assumptions"
19:55:25.913 | 0x0006 | HSHELL_REDRAW                | 0x00060C58 | vis=Y | WindowsTerminal    | "\u25D1 verify-win32-assumptions"
19:55:26.873 | 0x0006 | HSHELL_REDRAW                | 0x00060C58 | vis=Y | WindowsTerminal    | "\u25D0 verify-win32-assumptions"
19:55:27.834 | 0x0006 | HSHELL_REDRAW                | 0x00060C58 | vis=Y | WindowsTerminal    | "\u25D1 verify-win32-assumptions"
19:55:28.800 | 0x0006 | HSHELL_REDRAW                | 0x00060C58 | vis=Y | WindowsTerminal    | "\u25D0 verify-win32-assumptions"
19:55:29.761 | 0x0006 | HSHELL_REDRAW                | 0x00060C58 | vis=Y | WindowsTerminal    | "\u25D1 verify-win32-assumptions"
19:55:30.722 | 0x0006 | HSHELL_REDRAW                | 0x00060C58 | vis=Y | WindowsTerminal    | "\u25D0 verify-win32-assumptions"
19:55:31.682 | 0x0006 | HSHELL_REDRAW                | 0x00060C58 | vis=Y | WindowsTerminal    | "\u25D1 verify-win32-assumptions"
19:55:32.451 | 0x0001 | HSHELL_WINDOWCREATED         | 0x0C411144 | vis=Y | ms-teams           | "anton suchov | Microsoft Teams"
19:55:32.457 | 0x0001 | HSHELL_WINDOWCREATED         | 0x001111C2 | vis=Y | ms-teams           | "Chat | anton suchov | Microsoft Teams"
19:55:32.647 | 0x0006 | HSHELL_REDRAW                | 0x00060C58 | vis=Y | WindowsTerminal    | "\u25D0 verify-win32-assumptions"
19:55:33.602 | 0x0006 | HSHELL_REDRAW                | 0x00060C58 | vis=Y | WindowsTerminal    | "\u25D1 verify-win32-assumptions"
19:55:34.564 | 0x0006 | HSHELL_REDRAW                | 0x00060C58 | vis=Y | WindowsTerminal    | "\u25D0 verify-win32-assumptions"
19:55:35.526 | 0x0006 | HSHELL_REDRAW                | 0x00060C58 | vis=Y | WindowsTerminal    | "\u25D1 verify-win32-assumptions"
19:55:36.486 | 0x0006 | HSHELL_REDRAW                | 0x00060C58 | vis=Y | WindowsTerminal    | "\u25D0 verify-win32-assumptions"
19:55:37.447 | 0x0006 | HSHELL_REDRAW                | 0x00060C58 | vis=Y | WindowsTerminal    | "\u25D1 verify-win32-assumptions"
19:55:38.408 | 0x0006 | HSHELL_REDRAW                | 0x00060C58 | vis=Y | WindowsTerminal    | "\u25D0 verify-win32-assumptions"
19:55:39.368 | 0x0006 | HSHELL_REDRAW                | 0x00060C58 | vis=Y | WindowsTerminal    | "\u25D1 verify-win32-assumptions"
19:55:40.329 | 0x0006 | HSHELL_REDRAW                | 0x00060C58 | vis=Y | WindowsTerminal    | "\u25D0 verify-win32-assumptions"
19:55:41.289 | 0x0006 | HSHELL_REDRAW                | 0x00060C58 | vis=Y | WindowsTerminal    | "\u25D1 verify-win32-assumptions"
19:55:42.249 | 0x0006 | HSHELL_REDRAW                | 0x00060C58 | vis=Y | WindowsTerminal    | "\u25D0 verify-win32-assumptions"
19:55:43.211 | 0x0006 | HSHELL_REDRAW                | 0x00060C58 | vis=Y | WindowsTerminal    | "\u25D1 verify-win32-assumptions"
19:55:44.172 | 0x0006 | HSHELL_REDRAW                | 0x00060C58 | vis=Y | WindowsTerminal    | "\u25D0 verify-win32-assumptions"
19:55:45.132 | 0x0006 | HSHELL_REDRAW                | 0x00060C58 | vis=Y | WindowsTerminal    | "\u25D1 verify-win32-assumptions"
19:55:46.093 | 0x0006 | HSHELL_REDRAW                | 0x00060C58 | vis=Y | WindowsTerminal    | "\u25D0 verify-win32-assumptions"
19:55:47.055 | 0x0006 | HSHELL_REDRAW                | 0x00060C58 | vis=Y | WindowsTerminal    | "\u25D1 verify-win32-assumptions"
19:55:48.015 | 0x0006 | HSHELL_REDRAW                | 0x00060C58 | vis=Y | WindowsTerminal    | "\u25D0 verify-win32-assumptions"
19:55:48.975 | 0x0006 | HSHELL_REDRAW                | 0x00060C58 | vis=Y | WindowsTerminal    | "\u25D1 verify-win32-assumptions"
19:55:49.936 | 0x0006 | HSHELL_REDRAW                | 0x00060C58 | vis=Y | WindowsTerminal    | "\u25D0 verify-win32-assumptions"
19:55:50.898 | 0x0006 | HSHELL_REDRAW                | 0x00060C58 | vis=Y | WindowsTerminal    | "\u25D1 verify-win32-assumptions"
19:55:51.859 | 0x0006 | HSHELL_REDRAW                | 0x00060C58 | vis=Y | WindowsTerminal    | "\u25D0 verify-win32-assumptions"
19:55:52.819 | 0x0006 | HSHELL_REDRAW                | 0x00060C58 | vis=Y | WindowsTerminal    | "\u25D1 verify-win32-assumptions"
19:55:53.779 | 0x0006 | HSHELL_REDRAW                | 0x00060C58 | vis=Y | WindowsTerminal    | "\u25D0 verify-win32-assumptions"
19:55:54.740 | 0x0006 | HSHELL_REDRAW                | 0x00060C58 | vis=Y | WindowsTerminal    | "\u25D1 verify-win32-assumptions"
19:55:55.701 | 0x0006 | HSHELL_REDRAW                | 0x00060C58 | vis=Y | WindowsTerminal    | "\u25D0 verify-win32-assumptions"
19:55:56.664 | 0x0006 | HSHELL_REDRAW                | 0x00060C58 | vis=Y | WindowsTerminal    | "\u25D1 verify-win32-assumptions"
19:55:57.625 | 0x0006 | HSHELL_REDRAW                | 0x00060C58 | vis=Y | WindowsTerminal    | "\u25D0 verify-win32-assumptions"
19:55:58.586 | 0x0006 | HSHELL_REDRAW                | 0x00060C58 | vis=Y | WindowsTerminal    | "\u25D1 verify-win32-assumptions"
19:55:59.546 | 0x0006 | HSHELL_REDRAW                | 0x00060C58 | vis=Y | WindowsTerminal    | "\u25D0 verify-win32-assumptions"
19:55:59.754 | 0x0002 | HSHELL_WINDOWDESTROYED       | 0x00071344 | vis=n | Idle               | ""
19:55:59.856 | 0x0002 | HSHELL_WINDOWDESTROYED       | 0x63861004 | vis=n | Idle               | ""
19:56:00.507 | 0x0006 | HSHELL_REDRAW                | 0x00060C58 | vis=Y | WindowsTerminal    | "\u25D1 verify-win32-assumptions"
19:56:01.468 | 0x0006 | HSHELL_REDRAW                | 0x00060C58 | vis=Y | WindowsTerminal    | "\u25D0 verify-win32-assumptions"
19:56:02.429 | 0x0006 | HSHELL_REDRAW                | 0x00060C58 | vis=Y | WindowsTerminal    | "\u25D1 verify-win32-assumptions"
19:56:03.389 | 0x0006 | HSHELL_REDRAW                | 0x00060C58 | vis=Y | WindowsTerminal    | "\u25D0 verify-win32-assumptions"
19:56:04.351 | 0x0006 | HSHELL_REDRAW                | 0x00060C58 | vis=Y | WindowsTerminal    | "\u25D1 verify-win32-assumptions"
19:56:05.311 | 0x0006 | HSHELL_REDRAW                | 0x00060C58 | vis=Y | WindowsTerminal    | "\u25D0 verify-win32-assumptions"
19:56:06.272 | 0x0006 | HSHELL_REDRAW                | 0x00060C58 | vis=Y | WindowsTerminal    | "\u25D1 verify-win32-assumptions"
19:56:07.233 | 0x0006 | HSHELL_REDRAW                | 0x00060C58 | vis=Y | WindowsTerminal    | "\u25D0 verify-win32-assumptions"
19:56:08.193 | 0x0006 | HSHELL_REDRAW                | 0x00060C58 | vis=Y | WindowsTerminal    | "\u25D1 verify-win32-assumptions"
19:56:09.153 | 0x0006 | HSHELL_REDRAW                | 0x00060C58 | vis=Y | WindowsTerminal    | "\u25D0 verify-win32-assumptions"
19:56:10.115 | 0x0006 | HSHELL_REDRAW                | 0x00060C58 | vis=Y | WindowsTerminal    | "\u25D1 verify-win32-assumptions"
19:56:11.076 | 0x0006 | HSHELL_REDRAW                | 0x00060C58 | vis=Y | WindowsTerminal    | "\u25D0 verify-win32-assumptions"
19:56:12.036 | 0x0006 | HSHELL_REDRAW                | 0x00060C58 | vis=Y | WindowsTerminal    | "\u25D1 verify-win32-assumptions"
19:56:12.997 | 0x0006 | HSHELL_REDRAW                | 0x00060C58 | vis=Y | WindowsTerminal    | "\u25D0 verify-win32-assumptions"
19:56:13.958 | 0x0006 | HSHELL_REDRAW                | 0x00060C58 | vis=Y | WindowsTerminal    | "\u25D1 verify-win32-assumptions"
19:56:14.919 | 0x0006 | HSHELL_REDRAW                | 0x00060C58 | vis=Y | WindowsTerminal    | "\u25D0 verify-win32-assumptions"
19:56:15.879 | 0x0006 | HSHELL_REDRAW                | 0x00060C58 | vis=Y | WindowsTerminal    | "\u25D1 verify-win32-assumptions"
19:56:16.840 | 0x0006 | HSHELL_REDRAW                | 0x00060C58 | vis=Y | WindowsTerminal    | "\u25D0 verify-win32-assumptions"
19:56:17.801 | 0x0006 | HSHELL_REDRAW                | 0x00060C58 | vis=Y | WindowsTerminal    | "\u25D1 verify-win32-assumptions"
19:56:18.762 | 0x0006 | HSHELL_REDRAW                | 0x00060C58 | vis=Y | WindowsTerminal    | "\u25D0 verify-win32-assumptions"
19:56:19.722 | 0x0006 | HSHELL_REDRAW                | 0x00060C58 | vis=Y | WindowsTerminal    | "\u25D1 verify-win32-assumptions"
